Component: Arm Compiler for Embedded 6.18 Tool: armlink [5e4cc100]

==============================================================================

Section Cross References

    startup_stm32f303xc.o(STACK) refers (Special) to heapauxi.o(.text) for __use_two_region_memory
    startup_stm32f303xc.o(HEAP) refers (Special) to heapauxi.o(.text) for __use_two_region_memory
    startup_stm32f303xc.o(RESET) refers (Special) to heapauxi.o(.text) for __use_two_region_memory
    startup_stm32f303xc.o(RESET) refers to startup_stm32f303xc.o(STACK) for __initial_sp
    startup_stm32f303xc.o(RESET) refers to startup_stm32f303xc.o(.text) for Reset_Handler
    startup_stm32f303xc.o(RESET) refers to stm32f3xx_it.o(.text.NMI_Handler) for NMI_Handler
    startup_stm32f303xc.o(RESET) refers to stm32f3xx_it.o(.text.HardFault_Handler) for HardFault_Handler
    startup_stm32f303xc.o(RESET) refers to stm32f3xx_it.o(.text.MemManage_Handler) for MemManage_Handler
    startup_stm32f303xc.o(RESET) refers to stm32f3xx_it.o(.text.BusFault_Handler) for BusFault_Handler
    startup_stm32f303xc.o(RESET) refers to stm32f3xx_it.o(.text.UsageFault_Handler) for UsageFault_Handler
    startup_stm32f303xc.o(RESET) refers to stm32f3xx_it.o(.text.SVC_Handler) for SVC_Handler
    startup_stm32f303xc.o(RESET) refers to stm32f3xx_it.o(.text.DebugMon_Handler) for DebugMon_Handler
    startup_stm32f303xc.o(RESET) refers to stm32f3xx_it.o(.text.PendSV_Handler) for PendSV_Handler
    startup_stm32f303xc.o(RESET) refers to stm32f3xx_it.o(.text.SysTick_Handler) for SysTick_Handler
    startup_stm32f303xc.o(.text) refers (Special) to heapauxi.o(.text) for __use_two_region_memory
    startup_stm32f303xc.o(.text) refers to system_stm32f3xx.o(.text.SystemInit) for SystemInit
    startup_stm32f303xc.o(.text) refers to __main.o(!!!main) for __main
    startup_stm32f303xc.o(.text) refers to startup_stm32f303xc.o(HEAP) for Heap_Mem
    startup_stm32f303xc.o(.text) refers to startup_stm32f303xc.o(STACK) for Stack_Mem
    main.o(.text.main) refers to stm32f3xx_hal.o(.text.HAL_Init) for HAL_Init
    main.o(.text.main) refers to rt_memclr_w.o(.text) for __aeabi_memclr4
    main.o(.text.main) refers to stm32f3xx_hal_rcc.o(.text.HAL_RCC_OscConfig) for HAL_RCC_OscConfig
    main.o(.text.main) refers to stm32f3xx_hal_rcc.o(.text.HAL_RCC_ClockConfig) for HAL_RCC_ClockConfig
    main.o(.text.main) refers to stm32f3xx_hal_rcc_ex.o(.text.HAL_RCCEx_PeriphCLKConfig) for HAL_RCCEx_PeriphCLKConfig
    main.o(.text.main) refers to gpio.o(.text.MX_GPIO_Init) for MX_GPIO_Init
    main.o(.text.main) refers to i2c.o(.text.MX_I2C1_Init) for MX_I2C1_Init
    main.o(.text.main) refers to spi.o(.text.MX_SPI1_Init) for MX_SPI1_Init
    main.o(.text.main) refers to main.o(.bss.MS5611_Module) for MS5611_Module
    main.o(.text.main) refers to gebrabit_ms5611.o(.text.GB_MS5611_initialize) for GB_MS5611_initialize
    main.o(.text.main) refers to gebrabit_ms5611.o(.text.GB_MS5611_Calculate_Temperature) for GB_MS5611_Calculate_Temperature
    main.o(.text.main) refers to gebrabit_ms5611.o(.text.GB_MS5611_Calculate_Temperature_Compensated_Pressure) for GB_MS5611_Calculate_Temperature_Compensated_Pressure
    main.o(.text.main) refers to gebrabit_ms5611.o(.text.GB_MS5611_Altitude) for GB_MS5611_Altitude
    main.o(.ARM.exidx.text.main) refers to main.o(.text.main) for [Anonymous Symbol]
    main.o(.text.SystemClock_Config) refers to rt_memclr_w.o(.text) for __aeabi_memclr4
    main.o(.text.SystemClock_Config) refers to stm32f3xx_hal_rcc.o(.text.HAL_RCC_OscConfig) for HAL_RCC_OscConfig
    main.o(.text.SystemClock_Config) refers to stm32f3xx_hal_rcc.o(.text.HAL_RCC_ClockConfig) for HAL_RCC_ClockConfig
    main.o(.text.SystemClock_Config) refers to stm32f3xx_hal_rcc_ex.o(.text.HAL_RCCEx_PeriphCLKConfig) for HAL_RCCEx_PeriphCLKConfig
    main.o(.ARM.exidx.text.SystemClock_Config) refers to main.o(.text.SystemClock_Config) for [Anonymous Symbol]
    main.o(.ARM.exidx.text.Error_Handler) refers to main.o(.text.Error_Handler) for [Anonymous Symbol]
    gpio.o(.text.MX_GPIO_Init) refers to stm32f3xx_hal_gpio.o(.text.HAL_GPIO_WritePin) for HAL_GPIO_WritePin
    gpio.o(.text.MX_GPIO_Init) refers to stm32f3xx_hal_gpio.o(.text.HAL_GPIO_Init) for HAL_GPIO_Init
    gpio.o(.ARM.exidx.text.MX_GPIO_Init) refers to gpio.o(.text.MX_GPIO_Init) for [Anonymous Symbol]
    i2c.o(.text.MX_I2C1_Init) refers to i2c.o(.bss.hi2c1) for hi2c1
    i2c.o(.text.MX_I2C1_Init) refers to stm32f3xx_hal_i2c.o(.text.HAL_I2C_Init) for HAL_I2C_Init
    i2c.o(.text.MX_I2C1_Init) refers to main.o(.text.Error_Handler) for Error_Handler
    i2c.o(.text.MX_I2C1_Init) refers to stm32f3xx_hal_i2c_ex.o(.text.HAL_I2CEx_ConfigAnalogFilter) for HAL_I2CEx_ConfigAnalogFilter
    i2c.o(.text.MX_I2C1_Init) refers to stm32f3xx_hal_i2c_ex.o(.text.HAL_I2CEx_ConfigDigitalFilter) for HAL_I2CEx_ConfigDigitalFilter
    i2c.o(.ARM.exidx.text.MX_I2C1_Init) refers to i2c.o(.text.MX_I2C1_Init) for [Anonymous Symbol]
[...]
    ../clib/heap2.c                          0x00000000   Number         0  fdtree.o ABSOLUTE
    ../clib/heapalloc.c                      0x00000000   Number         0  malloc.o ABSOLUTE
    ../clib/heapalloc.c                      0x00000000   Number         0  free.o ABSOLUTE
    ../clib/heapalloc.c                      0x00000000   Number         0  calloc.o ABSOLUTE
    ../clib/heapalloc.c                      0x00000000   Number         0  hguard.o ABSOLUTE
    ../clib/heapalloc.c                      0x00000000   Number         0  init_alloc.o ABSOLUTE
    ../clib/heapalloc.c                      0x00000000   Number         0  heapstubs.o ABSOLUTE
    ../clib/heapalloc.c                      0x00000000   Number         0  hrguard.o ABSOLUTE
    ../clib/heapalloc.c                      0x00000000   Number         0  term_alloc.o ABSOLUTE
    ../clib/heapaux.c                        0x00000000   Number         0  heapauxi.o ABSOLUTE
    ../clib/heapaux.c                        0x00000000   Number         0  heapauxa.o ABSOLUTE
    ../clib/libinit.s                        0x00000000   Number         0  libinit2.o ABSOLUTE
    ../clib/libinit.s                        0x00000000   Number         0  libinit.o ABSOLUTE
    ../clib/libinit.s                        0x00000000   Number         0  libshutdown2.o ABSOLUTE
    ../clib/libinit.s                        0x00000000   Number         0  libshutdown.o ABSOLUTE
    ../clib/maybe.s                          0x00000000   Number         0  maybetermalloc1.o ABSOLUTE
    ../clib/maybe.s                          0x00000000   Number         0  maybetermalloc2.o ABSOLUTE
    ../clib/memcpset.s                       0x00000000   Number         0  rt_memcpy_v6.o ABSOLUTE
    ../clib/memcpset.s                       0x00000000   Number         0  rt_memclr_w.o ABSOLUTE
    ../clib/memcpset.s                       0x00000000   Number         0  rt_memcpy_w.o ABSOLUTE
    ../clib/memcpset.s                       0x00000000   Number         0  rt_memclr.o ABSOLUTE
    ../clib/signal.c                         0x00000000   Number         0  defsig_rtmem_outer.o ABSOLUTE
    ../clib/signal.c                         0x00000000   Number         0  defsig_rtmem_formal.o ABSOLUTE
    ../clib/signal.c                         0x00000000   Number         0  defsig_exit.o ABSOLUTE
    ../clib/signal.c                         0x00000000   Number         0  defsig_rtmem_inner.o ABSOLUTE
    ../clib/signal.c                         0x00000000   Number         0  __raise.o ABSOLUTE
    ../clib/signal.c                         0x00000000   Number         0  defsig_general.o ABSOLUTE
    ../clib/signal.c                         0x00000000   Number         0  defsig_abrt_inner.o ABSOLUTE
    ../clib/signal.c                         0x00000000   Number         0  defsig_fpe_inner.o ABSOLUTE
    ../clib/signal.c                         0x00000000   Number         0  defsig_rtred_inner.o ABSOLUTE
    ../clib/signal.c                         0x00000000   Number         0  defsig_stak_inner.o ABSOLUTE
    ../clib/signal.c                         0x00000000   Number         0  defsig_pvfn_inner.o ABSOLUTE
    ../clib/signal.c                         0x00000000   Number         0  defsig_cppl_inner.o ABSOLUTE
    ../clib/signal.c                         0x00000000   Number         0  defsig_segv_inner.o ABSOLUTE
    ../clib/signal.c                         0x00000000   Number         0  defsig_other.o ABSOLUTE
    ../clib/signal.s                         0x00000000   Number         0  defsig.o ABSOLUTE
    ../clib/stdlib.c                         0x00000000   Number         0  exit.o ABSOLUTE
    ../fplib/basic.s                         0x00000000   Number         0  basic.o ABSOLUTE
    ../fplib/daddsub.s                       0x00000000   Number         0  daddsub_clz.o ABSOLUTE
    ../fplib/dcheck1.s                       0x00000000   Number         0  dcheck1.o ABSOLUTE
    ../fplib/dcmpi.s                         0x00000000   Number         0  dcmpi.o ABSOLUTE
    ../fplib/ddiv.s                          0x00000000   Number         0  ddiv.o ABSOLUTE
    ../fplib/dflt.s                          0x00000000   Number         0  dflt_clz.o ABSOLUTE
    ../fplib/dleqf.s                         0x00000000   Number         0  dleqf.o ABSOLUTE
    ../fplib/dmul.s                          0x00000000   Number         0  dmul.o ABSOLUTE
    ../fplib/dnaninf.s                       0x00000000   Number         0  dnaninf.o ABSOLUTE
    ../fplib/dretinf.s                       0x00000000   Number         0  dretinf.o ABSOLUTE
    ../fplib/drleqf.s                        0x00000000   Number         0  drleqf.o ABSOLUTE
    ../fplib/dsqrt.s                         0x00000000   Number         0  dsqrt_umaal.o ABSOLUTE
    ../fplib/f2d.s                           0x00000000   Number         0  f2d.o ABSOLUTE
    ../fplib/ffltll.s                        0x00000000   Number         0  ffltll_clz.o ABSOLUTE
    ../fplib/fnaninf.s                       0x00000000   Number         0  fnaninf.o ABSOLUTE
    ../fplib/fpinit.s                        0x00000000   Number         0  fpinit.o ABSOLUTE
    ../fplib/retnan.s                        0x00000000   Number         0  retnan.o ABSOLUTE
    ../fplib/scalbn.s                        0x00000000   Number         0  scalbn.o ABSOLUTE
    ../fplib/trapv.s                         0x00000000   Number         0  trapv.o ABSOLUTE
    ../fplib/usenofp.s                       0x00000000   Number         0  usenofp.o ABSOLUTE
    ../mathlib/dunder.c                      0x00000000   Number         0  dunder.o ABSOLUTE
    ../mathlib/fabs.c                        0x00000000   Number         0  fabs.o ABSOLUTE
    ../mathlib/fpclassify.c                  0x00000000   Number         0  fpclassify.o ABSOLUTE
    ../mathlib/poly.c                        0x00000000   Number         0  poly.o ABSOLUTE
    ../mathlib/pow.c                         0x00000000   Number         0  pow.o ABSOLUTE
    ../mathlib/qnan.c                        0x00000000   Number         0  qnan.o ABSOLUTE
    ../mathlib/sqrt.c                        0x00000000   Number         0  sqrt.o ABSOLUTE
    GebraBit_MS5611.c                        0x00000000   Number         0  gebrabit_ms5611.o ABSOLUTE
    dc.s                                     0x00000000   Number         0  dc.o ABSOLUTE
    gpio.c                                   0x00000000   Number         0  gpio.o ABSOLUTE
    i2c.c                                    0x00000000   Number         0  i2c.o ABSOLUTE
    main.c                                   0x00000000   Number         0  main.o ABSOLUTE
    spi.c                                    0x00000000   Number         0  spi.o ABSOLUTE
    startup_stm32f303xc.s                    0x00000000   Number         0  startup_stm32f303xc.o ABSOLUTE
    stm32f3xx_hal.c                          0x00000000   Number         0  stm32f3xx_hal.o ABSOLUTE
    stm32f3xx_hal_cortex.c                   0x00000000   Number         0  stm32f3xx_hal_cortex.o ABSOLUTE
    stm32f3xx_hal_dma.c                      0x00000000   Number         0  stm32f3xx_hal_dma.o ABSOLUTE
    stm32f3xx_hal_exti.c                     0x00000000   Number         0  stm32f3xx_hal_exti.o ABSOLUTE
    stm32f3xx_hal_flash.c                    0x00000000   Number         0  stm32f3xx_hal_flash.o ABSOLUTE
    stm32f3xx_hal_flash_ex.c                 0x00000000   Number         0  stm32f3xx_hal_flash_ex.o ABSOLUTE
    stm32f3xx_hal_gpio.c                     0x00000000   Number         0  stm32f3xx_hal_gpio.o ABSOLUTE
    stm32f3xx_hal_i2c.c                      0x00000000   Number         0  stm32f3xx_hal_i2c.o ABSOLUTE
    stm32f3xx_hal_i2c_ex.c                   0x00000000   Number         0  stm32f3xx_hal_i2c_ex.o ABSOLUTE
    stm32f3xx_hal_msp.c                      0x00000000   Number         0  stm32f3xx_hal_msp.o ABSOLUTE
    stm32f3xx_hal_pwr.c                      0x00000000   Number         0  stm32f3xx_hal_pwr.o ABSOLUTE
    stm32f3xx_hal_pwr_ex.c                   0x00000000   Number         0  stm32f3xx_hal_pwr_ex.o ABSOLUTE
    stm32f3xx_hal_rcc.c                      0x00000000   Number         0  stm32f3xx_hal_rcc.o ABSOLUTE
    stm32f3xx_hal_rcc_ex.c                   0x00000000   Number         0  stm32f3xx_hal_rcc_ex.o ABSOLUTE
    stm32f3xx_hal_spi.c                      0x00000000   Number         0  stm32f3xx_hal_spi.o ABSOLUTE
    stm32f3xx_hal_spi_ex.c                   0x00000000   Number         0  stm32f3xx_hal_spi_ex.o ABSOLUTE
    stm32f3xx_hal_tim.c                      0x00000000   Number         0  stm32f3xx_hal_tim.o ABSOLUTE
    stm32f3xx_hal_tim_ex.c                   0x00000000   Number         0  stm32f3xx_hal_tim_ex.o ABSOLUTE
    stm32f3xx_it.c                           0x00000000   Number         0  stm32f3xx_it.o ABSOLUTE
    system_stm32f3xx.c                       0x00000000   Number         0  system_stm32f3xx.o ABSOLUTE
    RESET                                    0x08000000   Section      392  startup_stm32f303xc.o(RESET)
    !!!main                                  0x08000188   Section        8  __main.o(!!!main)
    !!!scatter                               0x08000190   Section       52  __scatter.o(!!!scatter)
    !!handler_copy                           0x080001c4   Section       26  __scatter_copy.o(!!handler_copy)
    !!handler_zi                             0x080001e0   Section       28  __scatter_zi.o(!!handler_zi)
    .ARM.Collect$$libinit$$00000000          0x080001fc   Section        2  libinit.o(.ARM.Collect$$libinit$$00000000)
    .ARM.Collect$$libinit$$00000001          0x080001fe   Section        4  libinit2.o(.ARM.Collect$$libinit$$00000001)
    .ARM.Collect$$libinit$$00000004          0x08000202   Section        0  libinit2.o(.ARM.Collect$$libinit$$00000004)
    .ARM.Collect$$libinit$$00000006          0x08000202   Section        0  libinit2.o(.ARM.Collect$$libinit$$00000006)
    .ARM.Collect$$libinit$$00000007          0x08000202   Section        8  libinit2.o(.ARM.Collect$$libinit$$00000007)
    .ARM.Collect$$libinit$$0000000C          0x0800020a   Section        0  libinit2.o(.ARM.Collect$$libinit$$0000000C)
    .ARM.Collect$$libinit$$0000000E          0x0800020a   Section        0  libinit2.o(.ARM.Collect$$libinit$$0000000E)
    .ARM.Collect$$libinit$$00000010          0x0800020a   Section        0  libinit2.o(.ARM.Collect$$libinit$$00000010)
    .ARM.Collect$$libinit$$00000013          0x0800020a   Section        0  libinit2.o(.ARM.Collect$$libinit$$00000013)
    .ARM.Collect$$libinit$$00000015          0x0800020a   Section        0  libinit2.o(.ARM.Collect$$libinit$$00000015)
    .ARM.Collect$$libinit$$00000017          0x0800020a   Section        0  libinit2.o(.ARM.Collect$$libinit$$00000017)
    .ARM.Collect$$libinit$$00000019          0x0800020a   Section        0  libinit2.o(.ARM.Collect$$libinit$$00000019)
    .ARM.Collect$$libinit$$0000001B          0x0800020a   Section        0  libinit2.o(.ARM.Collect$$libinit$$0000001B)
    .ARM.Collect$$libinit$$0000001D          0x0800020a   Section        0  libinit2.o(.ARM.Collect$$libinit$$0000001D)
    .ARM.Collect$$libinit$$0000001F          0x0800020a   Section        0  libinit2.o(.ARM.Collect$$libinit$$0000001F)
    .ARM.Collect$$libinit$$00000021          0x0800020a   Section        0  libinit2.o(.ARM.Collect$$libinit$$00000021)
    .ARM.Collect$$libinit$$00000023          0x0800020a   Section        0  libinit2.o(.ARM.Collect$$libinit$$00000023)
    .ARM.Collect$$libinit$$00000025          0x0800020a   Section        0  libinit2.o(.ARM.Collect$$libinit$$00000025)
    .ARM.Collect$$libinit$$00000027          0x0800020a   Section        0  libinit2.o(.ARM.Collect$$libinit$$00000027)
    .ARM.Collect$$libinit$$0000002E          0x0800020a   Section        0  libinit2.o(.ARM.Collect$$libinit$$0000002E)
    .ARM.Collect$$libinit$$00000030          0x0800020a   Section        0  libinit2.o(.ARM.Collect$$libinit$$00000030)
    .ARM.Collect$$libinit$$00000032          0x0800020a   Section        0  libinit2.o(.ARM.Collect$$libinit$$00000032)
    .ARM.Collect$$libinit$$00000034          0x0800020a   Section        0  libinit2.o(.ARM.Collect$$libinit$$00000034)
    .ARM.Collect$$libinit$$00000035          0x0800020a   Section        2  libinit2.o(.ARM.Collect$$libinit$$00000035)
    .ARM.Collect$$libshutdown$$00000000      0x0800020c   Section        2  libshutdown.o(.ARM.Collect$$libshutdown$$00000000)
    .ARM.Collect$$libshutdown$$00000002      0x0800020e   Section        0  libshutdown2.o(.ARM.Collect$$libshutdown$$00000002)
    .ARM.Collect$$libshutdown$$00000004      0x0800020e   Section        0  libshutdown2.o(.ARM.Collect$$libshutdown$$00000004)
    .ARM.Collect$$libshutdown$$00000007      0x0800020e   Section        0  libshutdown2.o(.ARM.Collect$$libshutdown$$00000007)
    .ARM.Collect$$libshutdown$$0000000A      0x0800020e   Section        0  libshutdown2.o(.ARM.Collect$$libshutdown$$0000000A)
    .ARM.Collect$$libshutdown$$0000000C      0x0800020e   Section        0  libshutdown2.o(.ARM.Collect$$libshutdown$$0000000C)
    .ARM.Collect$$libshutdown$$0000000F      0x0800020e   Section        0  libshutdown2.o(.ARM.Collect$$libshutdown$$0000000F)
    .ARM.Collect$$libshutdown$$00000010      0x0800020e   Section        2  libshutdown2.o(.ARM.Collect$$libshutdown$$00000010)
    .ARM.Collect$$rtentry$$00000000          0x08000210   Section        0  __rtentry.o(.ARM.Collect$$rtentry$$00000000)
    .ARM.Collect$$rtentry$$00000002          0x08000210   Section        0  __rtentry2.o(.ARM.Collect$$rtentry$$00000002)
    .ARM.Collect$$rtentry$$00000004          0x08000210   Section        6  __rtentry4.o(.ARM.Collect$$rtentry$$00000004)
    .ARM.Collect$$rtentry$$00000009          0x08000216   Section        0  __rtentry2.o(.ARM.Collect$$rtentry$$00000009)
    .ARM.Collect$$rtentry$$0000000A          0x08000216   Section        4  __rtentry2.o(.ARM.Collect$$rtentry$$0000000A)
    .ARM.Collect$$rtentry$$0000000C          0x0800021a   Section        0  __rtentry2.o(.ARM.Collect$$rtentry$$0000000C)
    .ARM.Collect$$rtentry$$0000000D          0x0800021a   Section        8  __rtentry2.o(.ARM.Collect$$rtentry$$0000000D)
    .ARM.Collect$$rtexit$$00000000           0x08000222   Section        2  rtexit.o(.ARM.Collect$$rtexit$$00000000)
    .ARM.Collect$$rtexit$$00000002           0x08000224   Section        0  rtexit2.o(.ARM.Collect$$rtexit$$00000002)
    .ARM.Collect$$rtexit$$00000003           0x08000224   Section        4  rtexit2.o(.ARM.Collect$$rtexit$$00000003)
    .ARM.Collect$$rtexit$$00000004           0x08000228   Section        6  rtexit2.o(.ARM.Collect$$rtexit$$00000004)
    $v0                                      0x08000230   Number         0  startup_stm32f303xc.o(.text)
    .text                                    0x08000230   Section       64  startup_stm32f303xc.o(.text)
    .text                                    0x08000270   Section        0  calloc.o(.text)
    .text                                    0x08000298   Section        0  h1_alloc.o(.text)
    .text                                    0x080002f6   Section        0  h1_free.o(.text)
    .text                                    0x08000344   Section      138  rt_memcpy_v6.o(.text)
    .text                                    0x080003ce   Section       78  rt_memclr_w.o(.text)
    .text                                    0x0800041c   Section        0  heapauxi.o(.text)
    .text                                    0x08000424   Section        8  rt_heap_descriptor_intlibspace.o(.text)
    .text                                    0x0800042c   Section        0  hguard.o(.text)
    .text                                    0x08000430   Section        0  init_alloc.o(.text)
    .text                                    0x080004ba   Section        0  h1_init.o(.text)
    .text                                    0x080004c8   Section        0  _rserrno.o(.text)
    .text                                    0x080004de   Section      100  rt_memcpy_w.o(.text)
    .text                                    0x08000542   Section       68  rt_memclr.o(.text)
    .text                                    0x08000588   Section        8  libspace.o(.text)
    .text                                    0x08000590   Section        8  rt_errno_addr_intlibspace.o(.text)
    .text                                    0x08000598   Section        0  maybetermalloc1.o(.text)
    .text                                    0x08000598   Section        0  h1_extend.o(.text)
    .text                                    0x080005cc   Section        0  defsig_rtmem_outer.o(.text)
    .text                                    0x080005da   Section        2  use_no_semi.o(.text)
    .text                                    0x080005dc   Section        0  indicate_semi.o(.text)
    .text                                    0x080005dc   Section       74  sys_stackheap_outer.o(.text)
    .text                                    0x08000626   Section        0  exit.o(.text)
    .text                                    0x08000638   Section        0  defsig_exit.o(.text)
    .text                                    0x08000644   Section        0  defsig_rtmem_inner.o(.text)
    .text                                    0x08000694   Section        0  sys_exit.o(.text)
    .text                                    0x080006a0   Section        0  defsig_general.o(.text)
    .text                                    0x080006d2   Section        0  sys_wrch.o(.text)
    [Anonymous Symbol]                       0x080006e0   Section        0  stm32f3xx_it.o(.text.BusFault_Handler)
    [Anonymous Symbol]                       0x080006e4   Section        0  stm32f3xx_it.o(.text.DebugMon_Handler)
    [Anonymous Symbol]                       0x080006e8   Section        0  main.o(.text.Error_Handler)
    [Anonymous Symbol]                       0x080006f8   Section        0  gebrabit_ms5611.o(.text.GB_MS5611_Altitude)
    [Anonymous Symbol]                       0x08000770   Section        0  gebrabit_ms5611.o(.text.GB_MS5611_Burst_Read)
    [Anonymous Symbol]                       0x080007f0   Section        0  gebrabit_ms5611.o(.text.GB_MS5611_Calculate_Temperature)
    [Anonymous Symbol]                       0x08000938   Section        0  gebrabit_ms5611.o(.text.GB_MS5611_Calculate_Temperature_Compensated_Pressure)
    [Anonymous Symbol]                       0x080009f4   Section        0  gebrabit_ms5611.o(.text.GB_MS5611_Read_Factory_Calibrated_Data)
    [Anonymous Symbol]                       0x08000aa4   Section        0  gebrabit_ms5611.o(.text.GB_MS5611_Start_Pressure_Sampling)
    [Anonymous Symbol]                       0x08000b24   Section        0  gebrabit_ms5611.o(.text.GB_MS5611_Start_Temperature_Sampling)
    [Anonymous Symbol]                       0x08000ba4   Section        0  gebrabit_ms5611.o(.text.GB_MS5611_initialize)
    [Anonymous Symbol]                       0x08000c14   Section        0  stm32f3xx_hal.o(.text.HAL_Delay)
    [Anonymous Symbol]                       0x08000c3c   Section        0  stm32f3xx_hal_gpio.o(.text.HAL_GPIO_Init)
    [Anonymous Symbol]                       0x08000e18   Section        0  stm32f3xx_hal_gpio.o(.text.HAL_GPIO_WritePin)
    [Anonymous Symbol]                       0x08000e24   Section        0  stm32f3xx_hal.o(.text.HAL_GetTick)
    [Anonymous Symbol]                       0x08000e30   Section        0  stm32f3xx_hal_i2c_ex.o(.text.HAL_I2CEx_ConfigAnalogFilter)
    [Anonymous Symbol]                       0x08000e7c   Section        0  stm32f3xx_hal_i2c_ex.o(.text.HAL_I2CEx_ConfigDigitalFilter)
    [Anonymous Symbol]                       0x08000ec4   Section        0  stm32f3xx_hal_i2c.o(.text.HAL_I2C_Init)
    [Anonymous Symbol]                       0x08000f68   Section        0  i2c.o(.text.HAL_I2C_MspInit)
    [Anonymous Symbol]                       0x08000fd4   Section        0  stm32f3xx_hal.o(.text.HAL_IncTick)
    [Anonymous Symbol]                       0x08000ff0   Section        0  stm32f3xx_hal.o(.text.HAL_Init)
    [Anonymous Symbol]                       0x08001018   Section        0  stm32f3xx_hal.o(.text.HAL_InitTick)
    [Anonymous Symbol]                       0x08001060   Section        0  stm32f3xx_hal_msp.o(.text.HAL_MspInit)
    [Anonymous Symbol]                       0x08001094   Section        0  stm32f3xx_hal_cortex.o(.text.HAL_NVIC_SetPriority)
    [Anonymous Symbol]                       0x080010ec   Section        0  stm32f3xx_hal_cortex.o(.text.HAL_NVIC_SetPriorityGrouping)
    [Anonymous Symbol]                       0x0800110c   Section        0  stm32f3xx_hal_rcc_ex.o(.text.HAL_RCCEx_PeriphCLKConfig)
    [Anonymous Symbol]                       0x0800131c   Section        0  stm32f3xx_hal_rcc.o(.text.HAL_RCC_ClockConfig)
    [Anonymous Symbol]                       0x080014bc   Section        0  stm32f3xx_hal_rcc.o(.text.HAL_RCC_OscConfig)
    [Anonymous Symbol]                       0x08001828   Section        0  stm32f3xx_hal_spi.o(.text.HAL_SPI_GetState)
    [Anonymous Symbol]                       0x08001830   Section        0  stm32f3xx_hal_spi.o(.text.HAL_SPI_Init)
    [Anonymous Symbol]                       0x08001914   Section        0  spi.o(.text.HAL_SPI_MspInit)
    [Anonymous Symbol]                       0x08001980   Section        0  stm32f3xx_hal_spi.o(.text.HAL_SPI_TransmitReceive)
    [Anonymous Symbol]                       0x08001c64   Section        0  stm32f3xx_hal_cortex.o(.text.HAL_SYSTICK_Config)
    [Anonymous Symbol]                       0x08001c90   Section        0  stm32f3xx_it.o(.text.HardFault_Handler)
    [Anonymous Symbol]                       0x08001c94   Section        0  gpio.o(.text.MX_GPIO_Init)
    [Anonymous Symbol]                       0x08001d54   Section        0  i2c.o(.text.MX_I2C1_Init)
    [Anonymous Symbol]                       0x08001dc0   Section        0  spi.o(.text.MX_SPI1_Init)
    [Anonymous Symbol]                       0x08001e10   Section        0  stm32f3xx_it.o(.text.MemManage_Handler)
    [Anonymous Symbol]                       0x08001e14   Section        0  stm32f3xx_it.o(.text.NMI_Handler)
    [Anonymous Symbol]                       0x08001e18   Section        0  stm32f3xx_it.o(.text.PendSV_Handler)
    SPI_WaitFifoStateUntilTimeout            0x08001e1d   Thumb Code   390  stm32f3xx_hal_spi.o(.text.SPI_WaitFifoStateUntilTimeout)
    [Anonymous Symbol]                       0x08001e1c   Section        0  stm32f3xx_hal_spi.o(.text.SPI_WaitFifoStateUntilTimeout)
    SPI_WaitFlagStateUntilTimeout            0x08001fa5   Thumb Code   206  stm32f3xx_hal_spi.o(.text.SPI_WaitFlagStateUntilTimeout)
    [Anonymous Symbol]                       0x08001fa4   Section        0  stm32f3xx_hal_spi.o(.text.SPI_WaitFlagStateUntilTimeout)
    [Anonymous Symbol]                       0x08002074   Section        0  stm32f3xx_it.o(.text.SVC_Handler)
    [Anonymous Symbol]                       0x08002078   Section        0  stm32f3xx_it.o(.text.SysTick_Handler)
    [Anonymous Symbol]                       0x0800207c   Section        0  system_stm32f3xx.o(.text.SystemInit)
    [Anonymous Symbol]                       0x08002090   Section        0  stm32f3xx_it.o(.text.UsageFault_Handler)
    [Anonymous Symbol]                       0x08002094   Section        0  main.o(.text.main)
    i.__ARM_fpclassify                       0x0800214c   Section        0  fpclassify.o(i.__ARM_fpclassify)
    i.__hardfp_pow                           0x08002180   Section        0  pow.o(i.__hardfp_pow)
    i.__kernel_poly                          0x08002de0   Section        0  poly.o(i.__kernel_poly)
    i.__mathlib_dbl_divzero                  0x08002ed8   Section        0  dunder.o(i.__mathlib_dbl_divzero)
    i.__mathlib_dbl_infnan2                  0x08002f08   Section        0  dunder.o(i.__mathlib_dbl_infnan2)
    i.__mathlib_dbl_invalid                  0x08002f20   Section        0  dunder.o(i.__mathlib_dbl_invalid)
    i.__mathlib_dbl_overflow                 0x08002f40   Section        0  dunder.o(i.__mathlib_dbl_overflow)
    i.__mathlib_dbl_underflow                0x08002f60   Section        0  dunder.o(i.__mathlib_dbl_underflow)
    i.fabs                                   0x08002f80   Section        0  fabs.o(i.fabs)
    i.sqrt                                   0x08002f98   Section        0  sqrt.o(i.sqrt)
    $v0                                      0x08003006   Number         0  basic.o(x$fpl$basic)
    x$fpl$basic                              0x08003006   Section       24  basic.o(x$fpl$basic)
    $v0                                      0x08003020   Number         0  daddsub_clz.o(x$fpl$dadd)
    x$fpl$dadd                               0x08003020   Section      336  daddsub_clz.o(x$fpl$dadd)
    _dadd1                                   0x08003031   Thumb Code     0  daddsub_clz.o(x$fpl$dadd)
    $v0                                      0x08003170   Number         0  dcheck1.o(x$fpl$dcheck1)
    x$fpl$dcheck1                            0x08003170   Section       16  dcheck1.o(x$fpl$dcheck1)
    $v0                                      0x08003180   Number         0  dcmpi.o(x$fpl$dcmpinf)
    x$fpl$dcmpinf                            0x08003180   Section       24  dcmpi.o(x$fpl$dcmpinf)
    $v0                                      0x08003198   Number         0  ddiv.o(x$fpl$ddiv)
    x$fpl$ddiv                               0x08003198   Section      692  ddiv.o(x$fpl$ddiv)
    ddiv_entry                               0x0800319f   Thumb Code     0  ddiv.o(x$fpl$ddiv)
    $v0                                      0x0800344c   Number         0  dflt_clz.o(x$fpl$dflt)
    x$fpl$dflt                               0x0800344c   Section       46  dflt_clz.o(x$fpl$dflt)
    $v0                                      0x0800347c   Number         0  dleqf.o(x$fpl$dleqf)
    x$fpl$dleqf                              0x0800347c   Section      120  dleqf.o(x$fpl$dleqf)
    $v0                                      0x080034f4   Number         0  dmul.o(x$fpl$dmul)
    x$fpl$dmul                               0x080034f4   Section      340  dmul.o(x$fpl$dmul)
    $v0                                      0x08003648   Number         0  dnaninf.o(x$fpl$dnaninf)
    x$fpl$dnaninf                            0x08003648   Section      156  dnaninf.o(x$fpl$dnaninf)
    $v0                                      0x080036e4   Number         0  dretinf.o(x$fpl$dretinf)
    x$fpl$dretinf                            0x080036e4   Section       12  dretinf.o(x$fpl$dretinf)
    $v0                                      0x080036f0   Number         0  drleqf.o(x$fpl$drleqf)
    x$fpl$drleqf                             0x080036f0   Section      108  drleqf.o(x$fpl$drleqf)
    $v0                                      0x0800375c   Number         0  daddsub_clz.o(x$fpl$drsb)
    x$fpl$drsb                               0x0800375c   Section       22  daddsub_clz.o(x$fpl$drsb)
    $v0                                      0x08003774   Number         0  dsqrt_umaal.o(x$fpl$dsqrt)
    x$fpl$dsqrt                              0x08003774   Section      408  dsqrt_umaal.o(x$fpl$dsqrt)
    $v0                                      0x0800390c   Number         0  daddsub_clz.o(x$fpl$dsub)
    x$fpl$dsub                               0x0800390c   Section      476  daddsub_clz.o(x$fpl$dsub)
    _dsub1                                   0x0800391d   Thumb Code     0  daddsub_clz.o(x$fpl$dsub)
    $v0                                      0x08003ae8   Number         0  f2d.o(x$fpl$f2d)
    x$fpl$f2d                                0x08003ae8   Section       86  f2d.o(x$fpl$f2d)
    $v0                                      0x08003b3e   Number         0  ffltll_clz.o(x$fpl$ffltll)
    x$fpl$ffltll                             0x08003b3e   Section       96  ffltll_clz.o(x$fpl$ffltll)
    $v0                                      0x08003b9e   Number         0  fnaninf.o(x$fpl$fnaninf)
    x$fpl$fnaninf                            0x08003b9e   Section      140  fnaninf.o(x$fpl$fnaninf)
    $v0                                      0x08003c2a   Number         0  fpinit.o(x$fpl$fpinit)
    x$fpl$fpinit                             0x08003c2a   Section       26  fpinit.o(x$fpl$fpinit)
    $v0                                      0x08003c44   Number         0  retnan.o(x$fpl$retnan)
    x$fpl$retnan                             0x08003c44   Section      100  retnan.o(x$fpl$retnan)
    $v0                                      0x08003ca8   Number         0  scalbn.o(x$fpl$scalbn)
    x$fpl$scalbn                             0x08003ca8   Section       92  scalbn.o(x$fpl$scalbn)
    $v0                                      0x08003d04   Number         0  trapv.o(x$fpl$trapveneer)
    x$fpl$trapveneer                         0x08003d04   Section       48  trapv.o(x$fpl$trapveneer)
    x$fpl$usenofp                            0x08003d34   Section        0  usenofp.o(x$fpl$usenofp)
    bp                                       0x08003d38   Data          16  pow.o(.constdata)
    .constdata                               0x08003d38   Section      136  pow.o(.constdata)
    dp_h                                     0x08003d48   Data          16  pow.o(.constdata)
    dp_l                                     0x08003d58   Data          16  pow.o(.constdata)
    L                                        0x08003d68   Data          48  pow.o(.constdata)
    P                                        0x08003d98   Data          40  pow.o(.constdata)
    .constdata                               0x08003dc0   Section        8  qnan.o(.constdata)
    .Lswitch.table.GB_MS5611_Start_Temperature_Sampling 0x08003dc8   Data          36  gebrabit_ms5611.o(.rodata..Lswitch.table.GB_MS5611_Start_Temperature_Sampling)
    .L_MergedGlobals                         0x20000000   Data           8  stm32f3xx_hal.o(.data..L_MergedGlobals)
    [Anonymous Symbol]                       0x20000000   Section        0  stm32f3xx_hal.o(.data..L_MergedGlobals)
    .bss                                     0x20000010   Section       96  libspace.o(.bss)
    Heap_Mem                                 0x20000198   Data        1024  startup_stm32f303xc.o(HEAP)
    HEAP                                     0x20000198   Section     1024  startup_stm32f303xc.o(HEAP)
    Stack_Mem                                0x20000598   Data         512  startup_stm32f303xc.o(STACK)
    STACK                                    0x20000598   Section      512  startup_stm32f303xc.o(STACK)
    __initial_sp                             0x20000798   Data           0  startup_stm32f303xc.o(STACK)

    Global Symbols

    Symbol Name                              Value     Ov Type        Size  Object(Section)

    BuildAttributes$$THM_ISAv4$E$P$D$K$B$S$7EM$VFPi3$EXTD16$VFPS$VFMA$PE$A:L22UL41UL21$X:L11$S22US41US21$IEEE1$IW$~IW$USESV6$~STKCKD$USESV7$~SHL$OTIME$ROPI$IEEEX$EBA8$UX$STANDARDLIB$REQ8$PRES8$EABIv2 0x00000000   Number         0  anon$$obj.o ABSOLUTE
    __ARM_exceptions_init                     - Undefined Weak Reference
    __alloca_initialize                       - Undefined Weak Reference
    __arm_preinit_                            - Undefined Weak Reference
    __arm_relocate_pie_                       - Undefined Weak Reference
    __cpp_initialize__aeabi_                  - Undefined Weak Reference
    __cxa_finalize                            - Undefined Weak Reference
    __rt_locale                               - Undefined Weak Reference
    __sigvec_lookup                           - Undefined Weak Reference
    __user_heap_extent                        - Undefined Weak Reference
    _atexit_init                              - Undefined Weak Reference
    _call_atexit_fns                          - Undefined Weak Reference
    _clock_init                               - Undefined Weak Reference
    _fp_trap_init                             - Undefined Weak Reference
    _fp_trap_shutdown                         - Undefined Weak Reference
    _get_lc_collate                           - Undefined Weak Reference
    _get_lc_ctype                             - Undefined Weak Reference
    _get_lc_monetary                          - Undefined Weak Reference
    _get_lc_numeric                           - Undefined Weak Reference
    _get_lc_time                              - Undefined Weak Reference
    _getenv_init                              - Undefined Weak Reference
    _handle_redirection                       - Undefined Weak Reference
    _initio                                   - Undefined Weak Reference
    _mutex_acquire                            - Undefined Weak Reference
    _mutex_free                               - Undefined Weak Reference
    _mutex_release                            - Undefined Weak Reference
    _rand_init                                - Undefined Weak Reference
    _signal_finish                            - Undefined Weak Reference
    _signal_init                              - Undefined Weak Reference
    _terminateio                              - Undefined Weak Reference
    __Vectors_Size                           0x00000188   Number         0  startup_stm32f303xc.o ABSOLUTE
    __Vectors                                0x08000000   Data           4  startup_stm32f303xc.o(RESET)
    __Vectors_End                            0x08000188   Data           0  startup_stm32f303xc.o(RESET)
    __main                                   0x08000189   Thumb Code     8  __main.o(!!!main)
    __scatterload                            0x08000191   Thumb Code     0  __scatter.o(!!!scatter)
    __scatterload_rt2                        0x08000191   Thumb Code    44  __scatter.o(!!!scatter)
    __scatterload_rt2_thumb_only             0x08000191   Thumb Code     0  __scatter.o(!!!scatter)
    __scatterload_null                       0x0800019f   Thumb Code     0  __scatter.o(!!!scatter)
    __scatterload_copy                       0x080001c5   Thumb Code    26  __scatter_copy.o(!!handler_copy)
    __scatterload_zeroinit                   0x080001e1   Thumb Code    28  __scatter_zi.o(!!handler_zi)
    __rt_lib_init                            0x080001fd   Thumb Code     0  libinit.o(.ARM.Collect$$libinit$$00000000)
    __rt_lib_init_fp_1                       0x080001ff   Thumb Code     0  libinit2.o(.ARM.Collect$$libinit$$00000001)
    __rt_lib_init_heap_2                     0x08000203   Thumb Code     0  libinit2.o(.ARM.Collect$$libinit$$00000007)
    __rt_lib_init_preinit_1                  0x08000203   Thumb Code     0  libinit2.o(.ARM.Collect$$libinit$$00000006)
    __rt_lib_init_relocate_pie_1             0x08000203   Thumb Code     0  libinit2.o(.ARM.Collect$$libinit$$00000004)
    __rt_lib_init_alloca_1                   0x0800020b   Thumb Code     0  libinit2.o(.ARM.Collect$$libinit$$00000030)
    __rt_lib_init_argv_1                     0x0800020b   Thumb Code     0  libinit2.o(.ARM.Collect$$libinit$$0000002E)
    __rt_lib_init_atexit_1                   0x0800020b   Thumb Code     0  libinit2.o(.ARM.Collect$$libinit$$0000001D)
    __rt_lib_init_clock_1                    0x0800020b   Thumb Code     0  libinit2.o(.ARM.Collect$$libinit$$00000023)
    __rt_lib_init_cpp_1                      0x0800020b   Thumb Code     0  libinit2.o(.ARM.Collect$$libinit$$00000034)
    __rt_lib_init_exceptions_1               0x0800020b   Thumb Code     0  libinit2.o(.ARM.Collect$$libinit$$00000032)
    __rt_lib_init_fp_trap_1                  0x0800020b   Thumb Code     0  libinit2.o(.ARM.Collect$$libinit$$00000021)
    __rt_lib_init_getenv_1                   0x0800020b   Thumb Code     0  libinit2.o(.ARM.Collect$$libinit$$00000025)
    __rt_lib_init_heap_1                     0x0800020b   Thumb Code     0  libinit2.o(.ARM.Collect$$libinit$$0000000C)
    __rt_lib_init_lc_collate_1               0x0800020b   Thumb Code     0  libinit2.o(.ARM.Collect$$libinit$$00000013)
    __rt_lib_init_lc_ctype_1                 0x0800020b   Thumb Code     0  libinit2.o(.ARM.Collect$$libinit$$00000015)
    __rt_lib_init_lc_monetary_1              0x0800020b   Thumb Code     0  libinit2.o(.ARM.Collect$$libinit$$00000017)
    __rt_lib_init_lc_numeric_1               0x0800020b   Thumb Code     0  libinit2.o(.ARM.Collect$$libinit$$00000019)
    __rt_lib_init_lc_time_1                  0x0800020b   Thumb Code     0  libinit2.o(.ARM.Collect$$libinit$$0000001B)
    __rt_lib_init_rand_1                     0x0800020b   Thumb Code     0  libinit2.o(.ARM.Collect$$libinit$$00000010)
    __rt_lib_init_return                     0x0800020b   Thumb Code     0  libinit2.o(.ARM.Collect$$libinit$$00000035)
    __rt_lib_init_signal_1                   0x0800020b   Thumb Code     0  libinit2.o(.ARM.Collect$$libinit$$0000001F)
    __rt_lib_init_stdio_1                    0x0800020b   Thumb Code     0  libinit2.o(.ARM.Collect$$libinit$$00000027)
    __rt_lib_init_user_alloc_1               0x0800020b   Thumb Code     0  libinit2.o(.ARM.Collect$$libinit$$0000000E)
    __rt_lib_shutdown                        0x0800020d   Thumb Code     0  libshutdown.o(.ARM.Collect$$libshutdown$$00000000)
    __rt_lib_shutdown_cpp_1                  0x0800020f   Thumb Code     0  libshutdown2.o(.ARM.Collect$$libshutdown$$00000002)
    __rt_lib_shutdown_fp_trap_1              0x0800020f   Thumb Code     0  libshutdown2.o(.ARM.Collect$$libshutdown$$00000007)
    __rt_lib_shutdown_heap_1                 0x0800020f   Thumb Code     0  libshutdown2.o(.ARM.Collect$$libshutdown$$0000000F)
    __rt_lib_shutdown_return                 0x0800020f   Thumb Code     0  libshutdown2.o(.ARM.Collect$$libshutdown$$00000010)
    __rt_lib_shutdown_signal_1               0x0800020f   Thumb Code     0  libshutdown2.o(.ARM.Collect$$libshutdown$$0000000A)
    __rt_lib_shutdown_stdio_1                0x0800020f   Thumb Code     0  libshutdown2.o(.ARM.Collect$$libshutdown$$00000004)
    __rt_lib_shutdown_user_alloc_1           0x0800020f   Thumb Code     0  libshutdown2.o(.ARM.Collect$$libshutdown$$0000000C)
    __rt_entry                               0x08000211   Thumb Code     0  __rtentry.o(.ARM.Collect$$rtentry$$00000000)
    __rt_entry_presh_1                       0x08000211   Thumb Code     0  __rtentry2.o(.ARM.Collect$$rtentry$$00000002)
    __rt_entry_sh                            0x08000211   Thumb Code     0  __rtentry4.o(.ARM.Collect$$rtentry$$00000004)
    __rt_entry_li                            0x08000217   Thumb Code     0  __rtentry2.o(.ARM.Collect$$rtentry$$0000000A)
    __rt_entry_postsh_1                      0x08000217   Thumb Code     0  __rtentry2.o(.ARM.Collect$$rtentry$$00000009)
    __rt_entry_main                          0x0800021b   Thumb Code     0  __rtentry2.o(.ARM.Collect$$rtentry$$0000000D)
    __rt_entry_postli_1                      0x0800021b   Thumb Code     0  __rtentry2.o(.ARM.Collect$$rtentry$$0000000C)
    __rt_exit                                0x08000223   Thumb Code     0  rtexit.o(.ARM.Collect$$rtexit$$00000000)
    __rt_exit_ls                             0x08000225   Thumb Code     0  rtexit2.o(.ARM.Collect$$rtexit$$00000003)
    __rt_exit_prels_1                        0x08000225   Thumb Code     0  rtexit2.o(.ARM.Collect$$rtexit$$00000002)
    __rt_exit_exit                           0x08000229   Thumb Code     0  rtexit2.o(.ARM.Collect$$rtexit$$00000004)
    Reset_Handler                            0x08000231   Thumb Code     8  startup_stm32f303xc.o(.text)
    ADC1_2_IRQHandler                        0x0800024b   Thumb Code     0  startup_stm32f303xc.o(.text)
    ADC3_IRQHandler                          0x0800024b   Thumb Code     0  startup_stm32f303xc.o(.text)
    ADC4_IRQHandler                          0x0800024b   Thumb Code     0  startup_stm32f303xc.o(.text)
    CAN_RX1_IRQHandler                       0x0800024b   Thumb Code     0  startup_stm32f303xc.o(.text)
    CAN_SCE_IRQHandler                       0x0800024b   Thumb Code     0  startup_stm32f303xc.o(.text)
    COMP1_2_3_IRQHandler                     0x0800024b   Thumb Code     0  startup_stm32f303xc.o(.text)
    COMP4_5_6_IRQHandler                     0x0800024b   Thumb Code     0  startup_stm32f303xc.o(.text)
    COMP7_IRQHandler                         0x0800024b   Thumb Code     0  startup_stm32f303xc.o(.text)
    DMA1_Channel1_IRQHandler                 0x0800024b   Thumb Code     0  startup_stm32f303xc.o(.text)
    DMA1_Channel2_IRQHandler                 0x0800024b   Thumb Code     0  startup_stm32f303xc.o(.text)
    DMA1_Channel3_IRQHandler                 0x0800024b   Thumb Code     0  startup_stm32f303xc.o(.text)
    DMA1_Channel4_IRQHandler                 0x0800024b   Thumb Code     0  startup_stm32f303xc.o(.text)
    DMA1_Channel5_IRQHandler                 0x0800024b   Thumb Code     0  startup_stm32f303xc.o(.text)
    DMA1_Channel6_IRQHandler                 0x0800024b   Thumb Code     0  startup_stm32f303xc.o(.text)
    DMA1_Channel7_IRQHandler                 0x0800024b   Thumb Code     0  startup_stm32f303xc.o(.text)
    DMA2_Channel1_IRQHandler                 0x0800024b   Thumb Code     0  startup_stm32f303xc.o(.text)
    DMA2_Channel2_IRQHandler                 0x0800024b   Thumb Code     0  startup_stm32f303xc.o(.text)
    DMA2_Channel3_IRQHandler                 0x0800024b   Thumb Code     0  startup_stm32f303xc.o(.text)
    DMA2_Channel4_IRQHandler                 0x0800024b   Thumb Code     0  startup_stm32f303xc.o(.text)
    DMA2_Channel5_IRQHandler                 0x0800024b   Thumb Code     0  startup_stm32f303xc.o(.text)
    EXTI0_IRQHandler                         0x0800024b   Thumb Code     0  startup_stm32f303xc.o(.text)
    EXTI15_10_IRQHandler                     0x0800024b   Thumb Code     0  startup_stm32f303xc.o(.text)
    EXTI1_IRQHandler                         0x0800024b   Thumb Code     0  startup_stm32f303xc.o(.text)
    EXTI2_TSC_IRQHandler                     0x0800024b   Thumb Code     0  startup_stm32f303xc.o(.text)
    EXTI3_IRQHandler                         0x0800024b   Thumb Code     0  startup_stm32f303xc.o(.text)
    EXTI4_IRQHandler                         0x0800024b   Thumb Code     0  startup_stm32f303xc.o(.text)
    EXTI9_5_IRQHandler                       0x0800024b   Thumb Code     0  startup_stm32f303xc.o(.text)
    FLASH_IRQHandler                         0x0800024b   Thumb Code     0  startup_stm32f303xc.o(.text)
    FPU_IRQHandler                           0x0800024b   Thumb Code     0  startup_stm32f303xc.o(.text)
    I2C1_ER_IRQHandler                       0x0800024b   Thumb Code     0  startup_stm32f303xc.o(.text)
    I2C1_EV_IRQHandler                       0x0800024b   Thumb Code     0  startup_stm32f303xc.o(.text)
    I2C2_ER_IRQHandler                       0x0800024b   Thumb Code     0  startup_stm32f303xc.o(.text)
    I2C2_EV_IRQHandler                       0x0800024b   Thumb Code     0  startup_stm32f303xc.o(.text)
    PVD_IRQHandler                           0x0800024b   Thumb Code     0  startup_stm32f303xc.o(.text)
    RCC_IRQHandler                           0x0800024b   Thumb Code     0  startup_stm32f303xc.o(.text)
    RTC_Alarm_IRQHandler                     0x0800024b   Thumb Code     0  startup_stm32f303xc.o(.text)
    RTC_WKUP_IRQHandler                      0x0800024b   Thumb Code     0  startup_stm32f303xc.o(.text)
    SPI1_IRQHandler                          0x0800024b   Thumb Code     0  startup_stm32f303xc.o(.text)
    SPI2_IRQHandler                          0x0800024b   Thumb Code     0  startup_stm32f303xc.o(.text)
    SPI3_IRQHandler                          0x0800024b   Thumb Code     0  startup_stm32f303xc.o(.text)
    TAMP_STAMP_IRQHandler                    0x0800024b   Thumb Code     0  startup_stm32f303xc.o(.text)
    TIM1_BRK_TIM15_IRQHandler                0x0800024b   Thumb Code     0  startup_stm32f303xc.o(.text)
    TIM1_CC_IRQHandler                       0x0800024b   Thumb Code     0  startup_stm32f303xc.o(.text)
    TIM1_TRG_COM_TIM17_IRQHandler            0x0800024b   Thumb Code     0  startup_stm32f303xc.o(.text)
    TIM1_UP_TIM16_IRQHandler                 0x0800024b   Thumb Code     0  startup_stm32f303xc.o(.text)
    TIM2_IRQHandler                          0x0800024b   Thumb Code     0  startup_stm32f303xc.o(.text)
    TIM3_IRQHandler                          0x0800024b   Thumb Code     0  startup_stm32f303xc.o(.text)
    TIM4_IRQHandler                          0x0800024b   Thumb Code     0  startup_stm32f303xc.o(.text)
    TIM6_DAC_IRQHandler                      0x0800024b   Thumb Code     0  startup_stm32f303xc.o(.text)
    TIM7_IRQHandler                          0x0800024b   Thumb Code     0  startup_stm32f303xc.o(.text)
    TIM8_BRK_IRQHandler                      0x0800024b   Thumb Code     0  startup_stm32f303xc.o(.text)
    TIM8_CC_IRQHandler                       0x0800024b   Thumb Code     0  startup_stm32f303xc.o(.text)
    TIM8_TRG_COM_IRQHandler                  0x0800024b   Thumb Code     0  startup_stm32f303xc.o(.text)
    TIM8_UP_IRQHandler                       0x0800024b   Thumb Code     0  startup_stm32f303xc.o(.text)
    UART4_IRQHandler                         0x0800024b   Thumb Code     0  startup_stm32f303xc.o(.text)
    UART5_IRQHandler                         0x0800024b   Thumb Code     0  startup_stm32f303xc.o(.text)
    USART1_IRQHandler                        0x0800024b   Thumb Code     0  startup_stm32f303xc.o(.text)
    USART2_IRQHandler                        0x0800024b   Thumb Code     0  startup_stm32f303xc.o(.text)
    USART3_IRQHandler                        0x0800024b   Thumb Code     0  startup_stm32f303xc.o(.text)
    USBWakeUp_IRQHandler                     0x0800024b   Thumb Code     0  startup_stm32f303xc.o(.text)
    USBWakeUp_RMP_IRQHandler                 0x0800024b   Thumb Code     0  startup_stm32f303xc.o(.text)
    USB_HP_CAN_TX_IRQHandler                 0x0800024b   Thumb Code     0  startup_stm32f303xc.o(.text)
    USB_HP_IRQHandler                        0x0800024b   Thumb Code     0  startup_stm32f303xc.o(.text)
    USB_LP_CAN_RX0_IRQHandler                0x0800024b   Thumb Code     0  startup_stm32f303xc.o(.text)
    USB_LP_IRQHandler                        0x0800024b   Thumb Code     0  startup_stm32f303xc.o(.text)
    WWDG_IRQHandler                          0x0800024b   Thumb Code     0  startup_stm32f303xc.o(.text)
    __user_initial_stackheap                 0x0800024d   Thumb Code     0  startup_stm32f303xc.o(.text)
    calloc                                   0x08000271   Thumb Code    40  calloc.o(.text)
    malloc                                   0x08000299   Thumb Code    94  h1_alloc.o(.text)
    free                                     0x080002f7   Thumb Code    78  h1_free.o(.text)
    __aeabi_memcpy                           0x08000345   Thumb Code     0  rt_memcpy_v6.o(.text)
    __rt_memcpy                              0x08000345   Thumb Code   138  rt_memcpy_v6.o(.text)
    _memcpy_lastbytes                        0x080003ab   Thumb Code     0  rt_memcpy_v6.o(.text)
    __aeabi_memclr4                          0x080003cf   Thumb Code     0  rt_memclr_w.o(.text)
    __aeabi_memclr8                          0x080003cf   Thumb Code     0  rt_memclr_w.o(.text)
    __rt_memclr_w                            0x080003cf   Thumb Code     0  rt_memclr_w.o(.text)
    _memset_w                                0x080003d3   Thumb Code    74  rt_memclr_w.o(.text)
    __use_two_region_memory                  0x0800041d   Thumb Code     2  heapauxi.o(.text)
    __rt_heap_escrow                         0x0800041f   Thumb Code     2  heapauxi.o(.text)
    __rt_heap_expand                         0x08000421   Thumb Code     2  heapauxi.o(.text)
    __rt_heap_descriptor                     0x08000425   Thumb Code     8  rt_heap_descriptor_intlibspace.o(.text)
    __use_no_heap                            0x0800042d   Thumb Code     2  hguard.o(.text)
    __heap$guard                             0x0800042f   Thumb Code     2  hguard.o(.text)
    _terminate_user_alloc                    0x08000431   Thumb Code     2  init_alloc.o(.text)
    _init_user_alloc                         0x08000433   Thumb Code     2  init_alloc.o(.text)
    __Heap_Full                              0x08000435   Thumb Code    34  init_alloc.o(.text)
    __Heap_Broken                            0x08000457   Thumb Code     6  init_alloc.o(.text)
    _init_alloc                              0x0800045d   Thumb Code    94  init_alloc.o(.text)
    __Heap_Initialize                        0x080004bb   Thumb Code    10  h1_init.o(.text)
    __Heap_DescSize                          0x080004c5   Thumb Code     4  h1_init.o(.text)
    __read_errno                             0x080004c9   Thumb Code    10  _rserrno.o(.text)
    __set_errno                              0x080004d3   Thumb Code    12  _rserrno.o(.text)
    __aeabi_memcpy4                          0x080004df   Thumb Code     0  rt_memcpy_w.o(.text)
    __aeabi_memcpy8                          0x080004df   Thumb Code     0  rt_memcpy_w.o(.text)
    __rt_memcpy_w                            0x080004df   Thumb Code   100  rt_memcpy_w.o(.text)
    _memcpy_lastbytes_aligned                0x08000527   Thumb Code     0  rt_memcpy_w.o(.text)
    __aeabi_memclr                           0x08000543   Thumb Code     0  rt_memclr.o(.text)
    __rt_memclr                              0x08000543   Thumb Code     0  rt_memclr.o(.text)
    _memset                                  0x08000547   Thumb Code    64  rt_memclr.o(.text)
    __user_libspace                          0x08000589   Thumb Code     8  libspace.o(.text)
    __user_perproc_libspace                  0x08000589   Thumb Code     0  libspace.o(.text)
    __user_perthread_libspace                0x08000589   Thumb Code     0  libspace.o(.text)
    __aeabi_errno_addr                       0x08000591   Thumb Code     8  rt_errno_addr_intlibspace.o(.text)
    __errno$intlibspace                      0x08000591   Thumb Code     0  rt_errno_addr_intlibspace.o(.text)
    __rt_errno_addr$intlibspace              0x08000591   Thumb Code     0  rt_errno_addr_intlibspace.o(.text)
    __Heap_ProvideMemory                     0x08000599   Thumb Code    52  h1_extend.o(.text)
    _maybe_terminate_alloc                   0x08000599   Thumb Code     0  maybetermalloc1.o(.text)
    __rt_SIGRTMEM                            0x080005cd   Thumb Code    14  defsig_rtmem_outer.o(.text)
    __I$use$semihosting                      0x080005db   Thumb Code     0  use_no_semi.o(.text)
    __use_no_semihosting_swi                 0x080005db   Thumb Code     2  use_no_semi.o(.text)
    __semihosting_library_function           0x080005dd   Thumb Code     0  indicate_semi.o(.text)
    __user_setup_stackheap                   0x080005dd   Thumb Code    74  sys_stackheap_outer.o(.text)
    exit                                     0x08000627   Thumb Code    18  exit.o(.text)
    __sig_exit                               0x08000639   Thumb Code    10  defsig_exit.o(.text)
    __rt_SIGRTMEM_inner                      0x08000645   Thumb Code    22  defsig_rtmem_inner.o(.text)
    _sys_exit                                0x08000695   Thumb Code     8  sys_exit.o(.text)
    __default_signal_display                 0x080006a1   Thumb Code    50  defsig_general.o(.text)
    _ttywrch                                 0x080006d3   Thumb Code    14  sys_wrch.o(.text)
    BusFault_Handler                         0x080006e1   Thumb Code     2  stm32f3xx_it.o(.text.BusFault_Handler)
    DebugMon_Handler                         0x080006e5   Thumb Code     2  stm32f3xx_it.o(.text.DebugMon_Handler)
    Error_Handler                            0x080006e9   Thumb Code    10  main.o(.text.Error_Handler)
    GB_MS5611_Altitude                       0x080006f9   Thumb Code   120  gebrabit_ms5611.o(.text.GB_MS5611_Altitude)
    GB_MS5611_Burst_Read                     0x08000771   Thumb Code   126  gebrabit_ms5611.o(.text.GB_MS5611_Burst_Read)
    GB_MS5611_Calculate_Temperature          0x080007f1   Thumb Code   328  gebrabit_ms5611.o(.text.GB_MS5611_Calculate_Temperature)
    GB_MS5611_Calculate_Temperature_Compensated_Pressure 0x08000939   Thumb Code   188  gebrabit_ms5611.o(.text.GB_MS5611_Calculate_Temperature_Compensated_Pressure)
    GB_MS5611_Read_Factory_Calibrated_Data   0x080009f5   Thumb Code   176  gebrabit_ms5611.o(.text.GB_MS5611_Read_Factory_Calibrated_Data)
    GB_MS5611_Start_Pressure_Sampling        0x08000aa5   Thumb Code   126  gebrabit_ms5611.o(.text.GB_MS5611_Start_Pressure_Sampling)
    GB_MS5611_Start_Temperature_Sampling     0x08000b25   Thumb Code   126  gebrabit_ms5611.o(.text.GB_MS5611_Start_Temperature_Sampling)
    GB_MS5611_initialize                     0x08000ba5   Thumb Code   110  gebrabit_ms5611.o(.text.GB_MS5611_initialize)
    HAL_Delay                                0x08000c15   Thumb Code    40  stm32f3xx_hal.o(.text.HAL_Delay)
    HAL_GPIO_Init                            0x08000c3d   Thumb Code   474  stm32f3xx_hal_gpio.o(.text.HAL_GPIO_Init)
    HAL_GPIO_WritePin                        0x08000e19   Thumb Code    12  stm32f3xx_hal_gpio.o(.text.HAL_GPIO_WritePin)
    HAL_GetTick                              0x08000e25   Thumb Code    12  stm32f3xx_hal.o(.text.HAL_GetTick)
    HAL_I2CEx_ConfigAnalogFilter             0x08000e31   Thumb Code    74  stm32f3xx_hal_i2c_ex.o(.text.HAL_I2CEx_ConfigAnalogFilter)
    HAL_I2CEx_ConfigDigitalFilter            0x08000e7d   Thumb Code    72  stm32f3xx_hal_i2c_ex.o(.text.HAL_I2CEx_ConfigDigitalFilter)
    HAL_I2C_Init                             0x08000ec5   Thumb Code   162  stm32f3xx_hal_i2c.o(.text.HAL_I2C_Init)
    HAL_I2C_MspInit                          0x08000f69   Thumb Code   108  i2c.o(.text.HAL_I2C_MspInit)
    HAL_IncTick                              0x08000fd5   Thumb Code    26  stm32f3xx_hal.o(.text.HAL_IncTick)
    HAL_Init                                 0x08000ff1   Thumb Code    38  stm32f3xx_hal.o(.text.HAL_Init)
    HAL_InitTick                             0x08001019   Thumb Code    72  stm32f3xx_hal.o(.text.HAL_InitTick)
    HAL_MspInit                              0x08001061   Thumb Code    50  stm32f3xx_hal_msp.o(.text.HAL_MspInit)
    HAL_NVIC_SetPriority                     0x08001095   Thumb Code    86  stm32f3xx_hal_cortex.o(.text.HAL_NVIC_SetPriority)
    HAL_NVIC_SetPriorityGrouping             0x080010ed   Thumb Code    32  stm32f3xx_hal_cortex.o(.text.HAL_NVIC_SetPriorityGrouping)
    HAL_RCCEx_PeriphCLKConfig                0x0800110d   Thumb Code   526  stm32f3xx_hal_rcc_ex.o(.text.HAL_RCCEx_PeriphCLKConfig)
    HAL_RCC_ClockConfig                      0x0800131d   Thumb Code   414  stm32f3xx_hal_rcc.o(.text.HAL_RCC_ClockConfig)
    HAL_RCC_OscConfig                        0x080014bd   Thumb Code   876  stm32f3xx_hal_rcc.o(.text.HAL_RCC_OscConfig)
    HAL_SPI_GetState                         0x08001829   Thumb Code     6  stm32f3xx_hal_spi.o(.text.HAL_SPI_GetState)
    HAL_SPI_Init                             0x08001831   Thumb Code   228  stm32f3xx_hal_spi.o(.text.HAL_SPI_Init)
    HAL_SPI_MspInit                          0x08001915   Thumb Code   106  spi.o(.text.HAL_SPI_MspInit)
    HAL_SPI_TransmitReceive                  0x08001981   Thumb Code   740  stm32f3xx_hal_spi.o(.text.HAL_SPI_TransmitReceive)
    HAL_SYSTICK_Config                       0x08001c65   Thumb Code    44  stm32f3xx_hal_cortex.o(.text.HAL_SYSTICK_Config)
    HardFault_Handler                        0x08001c91   Thumb Code     2  stm32f3xx_it.o(.text.HardFault_Handler)
    MX_GPIO_Init                             0x08001c95   Thumb Code   192  gpio.o(.text.MX_GPIO_Init)
    MX_I2C1_Init                             0x08001d55   Thumb Code   108  i2c.o(.text.MX_I2C1_Init)
    MX_SPI1_Init                             0x08001dc1   Thumb Code    80  spi.o(.text.MX_SPI1_Init)
    MemManage_Handler                        0x08001e11   Thumb Code     2  stm32f3xx_it.o(.text.MemManage_Handler)
    NMI_Handler                              0x08001e15   Thumb Code     2  stm32f3xx_it.o(.text.NMI_Handler)
    PendSV_Handler                           0x08001e19   Thumb Code     2  stm32f3xx_it.o(.text.PendSV_Handler)
    SVC_Handler                              0x08002075   Thumb Code     2  stm32f3xx_it.o(.text.SVC_Handler)
    SysTick_Handler                          0x08002079   Thumb Code     4  stm32f3xx_it.o(.text.SysTick_Handler)
    SystemInit                               0x0800207d   Thumb Code    18  system_stm32f3xx.o(.text.SystemInit)
    UsageFault_Handler                       0x08002091   Thumb Code     2  stm32f3xx_it.o(.text.UsageFault_Handler)
    main                                     0x08002095   Thumb Code   184  main.o(.text.main)
    __ARM_fpclassify                         0x0800214d   Thumb Code    48  fpclassify.o(i.__ARM_fpclassify)
    __hardfp_pow                             0x08002181   Thumb Code  3088  pow.o(i.__hardfp_pow)
    __kernel_poly                            0x08002de1   Thumb Code   248  poly.o(i.__kernel_poly)
    __mathlib_dbl_divzero                    0x08002ed9   Thumb Code    28  dunder.o(i.__mathlib_dbl_divzero)
    __mathlib_dbl_infnan2                    0x08002f09   Thumb Code    20  dunder.o(i.__mathlib_dbl_infnan2)
    __mathlib_dbl_invalid                    0x08002f21   Thumb Code    24  dunder.o(i.__mathlib_dbl_invalid)
    __mathlib_dbl_overflow                   0x08002f41   Thumb Code    24  dunder.o(i.__mathlib_dbl_overflow)
    __mathlib_dbl_underflow                  0x08002f61   Thumb Code    24  dunder.o(i.__mathlib_dbl_underflow)
    fabs                                     0x08002f81   Thumb Code    24  fabs.o(i.fabs)
    sqrt                                     0x08002f99   Thumb Code   110  sqrt.o(i.sqrt)
    __aeabi_dneg                             0x08003007   Thumb Code     0  basic.o(x$fpl$basic)
    _dneg                                    0x08003007   Thumb Code     6  basic.o(x$fpl$basic)
    __aeabi_fneg                             0x0800300d   Thumb Code     0  basic.o(x$fpl$basic)
    _fneg                                    0x0800300d   Thumb Code     6  basic.o(x$fpl$basic)
    _dabs                                    0x08003013   Thumb Code     6  basic.o(x$fpl$basic)
    _fabs                                    0x08003019   Thumb Code     6  basic.o(x$fpl$basic)
    __aeabi_dadd                             0x08003021   Thumb Code     0  daddsub_clz.o(x$fpl$dadd)
    _dadd                                    0x08003021   Thumb Code   332  daddsub_clz.o(x$fpl$dadd)
    __fpl_dcheck_NaN1                        0x08003171   Thumb Code    10  dcheck1.o(x$fpl$dcheck1)
    __fpl_dcmp_Inf                           0x08003181   Thumb Code    24  dcmpi.o(x$fpl$dcmpinf)
    __aeabi_ddiv                             0x08003199   Thumb Code     0  ddiv.o(x$fpl$ddiv)
    _ddiv                                    0x08003199   Thumb Code   556  ddiv.o(x$fpl$ddiv)
    __aeabi_i2d                              0x0800344d   Thumb Code     0  dflt_clz.o(x$fpl$dflt)
    _dflt                                    0x0800344d   Thumb Code    46  dflt_clz.o(x$fpl$dflt)
    __aeabi_cdcmple                          0x0800347d   Thumb Code     0  dleqf.o(x$fpl$dleqf)
    _dcmple                                  0x0800347d   Thumb Code   120  dleqf.o(x$fpl$dleqf)
    __fpl_dcmple_InfNaN                      0x080034df   Thumb Code     0  dleqf.o(x$fpl$dleqf)
    __aeabi_dmul                             0x080034f5   Thumb Code     0  dmul.o(x$fpl$dmul)
    _dmul                                    0x080034f5   Thumb Code   332  dmul.o(x$fpl$dmul)
    __fpl_dnaninf                            0x08003649   Thumb Code   156  dnaninf.o(x$fpl$dnaninf)
    __fpl_dretinf                            0x080036e5   Thumb Code    12  dretinf.o(x$fpl$dretinf)
    __aeabi_cdrcmple                         0x080036f1   Thumb Code     0  drleqf.o(x$fpl$drleqf)
    _drcmple                                 0x080036f1   Thumb Code   108  drleqf.o(x$fpl$drleqf)
    __aeabi_drsub                            0x0800375d   Thumb Code     0  daddsub_clz.o(x$fpl$drsb)
    _drsb                                    0x0800375d   Thumb Code    22  daddsub_clz.o(x$fpl$drsb)
    _dsqrt                                   0x08003775   Thumb Code   404  dsqrt_umaal.o(x$fpl$dsqrt)
    __aeabi_dsub                             0x0800390d   Thumb Code     0  daddsub_clz.o(x$fpl$dsub)
    _dsub                                    0x0800390d   Thumb Code   472  daddsub_clz.o(x$fpl$dsub)
    __aeabi_f2d                              0x08003ae9   Thumb Code     0  f2d.o(x$fpl$f2d)
    _f2d                                     0x08003ae9   Thumb Code    86  f2d.o(x$fpl$f2d)
    __aeabi_ul2f                             0x08003b3f   Thumb Code     0  ffltll_clz.o(x$fpl$ffltll)
    _ll_uto_f                                0x08003b3f   Thumb Code     6  ffltll_clz.o(x$fpl$ffltll)
    __aeabi_l2f                              0x08003b45   Thumb Code     0  ffltll_clz.o(x$fpl$ffltll)
    _ll_sto_f                                0x08003b45   Thumb Code    90  ffltll_clz.o(x$fpl$ffltll)
    __fpl_fnaninf                            0x08003b9f   Thumb Code   140  fnaninf.o(x$fpl$fnaninf)
    _fp_init                                 0x08003c2b   Thumb Code    26  fpinit.o(x$fpl$fpinit)
    __fplib_config_fpu_vfp                   0x08003c43   Thumb Code     0  fpinit.o(x$fpl$fpinit)
    __fplib_config_pureend_doubles           0x08003c43   Thumb Code     0  fpinit.o(x$fpl$fpinit)
    __fpl_return_NaN                         0x08003c45   Thumb Code   100  retnan.o(x$fpl$retnan)
    __ARM_scalbn                             0x08003ca9   Thumb Code    92  scalbn.o(x$fpl$scalbn)
    __fpl_cmpreturn                          0x08003d05   Thumb Code    48  trapv.o(x$fpl$trapveneer)
    __I$use$fp                               0x08003d34   Number         0  usenofp.o(x$fpl$usenofp)
    __mathlib_zero                           0x08003dc0   Data           8  qnan.o(.constdata)
    AHBPrescTable                            0x08003dec   Data          16  system_stm32f3xx.o(.rodata.AHBPrescTable)
    aPLLMULFactorTable                       0x08003dfc   Data          16  stm32f3xx_hal_rcc.o(.rodata.aPLLMULFactorTable)
    aPredivFactorTable                       0x08003e0c   Data          16  stm32f3xx_hal_rcc.o(.rodata.aPredivFactorTable)
    Region$$Table$$Base                      0x08003e1c   Number         0  anon$$obj.o(Region$$Table)
    Region$$Table$$Limit                     0x08003e3c   Number         0  anon$$obj.o(Region$$Table)
    uwTickFreq                               0x20000000   Data           1  stm32f3xx_hal.o(.data..L_MergedGlobals)
    uwTickPrio                               0x20000004   Data           4  stm32f3xx_hal.o(.data..L_MergedGlobals)
    SystemCoreClock                          0x20000008   Data           4  system_stm32f3xx.o(.data.SystemCoreClock)
    __libspace_start                         0x20000010   Data          96  libspace.o(.bss)
    MS5611_Module                            0x20000070   Data         112  main.o(.bss.MS5611_Module)
    __temporary_stack_top$libspace           0x20000070   Data           0  libspace.o(.bss)
    hi2c1                                    0x200000e0   Data          76  i2c.o(.bss.hi2c1)
    hspi1                                    0x2000012c   Data         100  spi.o(.bss.hspi1)
    uwTick                                   0x20000190   Data           4  stm32f3xx_hal.o(.bss.uwTick)



==============================================================================

Memory Map of the image

  Image Entry point : 0x08000189

  Load Region LR_IROM1 (Base: 0x08000000, Size: 0x00003e50, Max: 0x00040000, ABSOLUTE)

    Execution Region ER_IROM1 (Exec base: 0x08000000, Load base: 0x08000000, Size: 0x00003e3c, Max: 0x00040000, ABSOLUTE)

    Exec Addr    Load Addr    Size         Type   Attr      Idx    E Section Name        Object

    0x08000000   0x08000000   0x00000188   Data   RO            3    RESET               startup_stm32f303xc.o
    0x08000188   0x08000188   0x00000008   Code   RO          870  * !!!main             c_w.l(__main.o)
    0x08000190   0x08000190   0x00000034   Code   RO         1173    !!!scatter          c_w.l(__scatter.o)
    0x080001c4   0x080001c4   0x0000001a   Code   RO         1175    !!handler_copy      c_w.l(__scatter_copy.o)
    0x080001de   0x080001de   0x00000002   PAD
    0x080001e0   0x080001e0   0x0000001c   Code   RO         1177    !!handler_zi        c_w.l(__scatter_zi.o)
    0x080001fc   0x080001fc   0x00000002   Code   RO         1102    .ARM.Collect$$libinit$$00000000  c_w.l(libinit.o)
    0x080001fe   0x080001fe   0x00000004   Code   RO          927    .ARM.Collect$$libinit$$00000001  c_w.l(libinit2.o)
    0x08000202   0x08000202   0x00000000   Code   RO          930    .ARM.Collect$$libinit$$00000004  c_w.l(libinit2.o)
    0x08000202   0x08000202   0x00000000   Code   RO          932    .ARM.Collect$$libinit$$00000006  c_w.l(libinit2.o)
    0x08000202   0x08000202   0x00000008   Code   RO          933    .ARM.Collect$$libinit$$00000007  c_w.l(libinit2.o)
    0x0800020a   0x0800020a   0x00000000   Code   RO          935    .ARM.Collect$$libinit$$0000000C  c_w.l(libinit2.o)
    0x0800020a   0x0800020a   0x00000000   Code   RO          937    .ARM.Collect$$libinit$$0000000E  c_w.l(libinit2.o)
    0x0800020a   0x0800020a   0x00000000   Code   RO          939    .ARM.Collect$$libinit$$00000010  c_w.l(libinit2.o)
    0x0800020a   0x0800020a   0x00000000   Code   RO          942    .ARM.Collect$$libinit$$00000013  c_w.l(libinit2.o)
    0x0800020a   0x0800020a   0x00000000   Code   RO          944    .ARM.Collect$$libinit$$00000015  c_w.l(libinit2.o)
    0x0800020a   0x0800020a   0x00000000   Code   RO          946    .ARM.Collect$$libinit$$00000017  c_w.l(libinit2.o)
    0x0800020a   0x0800020a   0x00000000   Code   RO          948    .ARM.Collect$$libinit$$00000019  c_w.l(libinit2.o)
    0x0800020a   0x0800020a   0x00000000   Code   RO          950    .ARM.Collect$$libinit$$0000001B  c_w.l(libinit2.o)
    0x0800020a   0x0800020a   0x00000000   Code   RO          952    .ARM.Collect$$libinit$$0000001D  c_w.l(libinit2.o)
    0x0800020a   0x0800020a   0x00000000   Code   RO          954    .ARM.Collect$$libinit$$0000001F  c_w.l(libinit2.o)
    0x0800020a   0x0800020a   0x00000000   Code   RO          956    .ARM.Collect$$libinit$$00000021  c_w.l(libinit2.o)
    0x0800020a   0x0800020a   0x00000000   Code   RO          958    .ARM.Collect$$libinit$$00000023  c_w.l(libinit2.o)
    0x0800020a   0x0800020a   0x00000000   Code   RO          960    .ARM.Collect$$libinit$$00000025  c_w.l(libinit2.o)
    0x0800020a   0x0800020a   0x00000000   Code   RO          962    .ARM.Collect$$libinit$$00000027  c_w.l(libinit2.o)
    0x0800020a   0x0800020a   0x00000000   Code   RO          966    .ARM.Collect$$libinit$$0000002E  c_w.l(libinit2.o)
    0x0800020a   0x0800020a   0x00000000   Code   RO          968    .ARM.Collect$$libinit$$00000030  c_w.l(libinit2.o)
    0x0800020a   0x0800020a   0x00000000   Code   RO          970    .ARM.Collect$$libinit$$00000032  c_w.l(libinit2.o)
    0x0800020a   0x0800020a   0x00000000   Code   RO          972    .ARM.Collect$$libinit$$00000034  c_w.l(libinit2.o)
    0x0800020a   0x0800020a   0x00000002   Code   RO          973    .ARM.Collect$$libinit$$00000035  c_w.l(libinit2.o)
    0x0800020c   0x0800020c   0x00000002   Code   RO         1170    .ARM.Collect$$libshutdown$$00000000  c_w.l(libshutdown.o)
    0x0800020e   0x0800020e   0x00000000   Code   RO         1122    .ARM.Collect$$libshutdown$$00000002  c_w.l(libshutdown2.o)
    0x0800020e   0x0800020e   0x00000000   Code   RO         1124    .ARM.Collect$$libshutdown$$00000004  c_w.l(libshutdown2.o)
    0x0800020e   0x0800020e   0x00000000   Code   RO         1127    .ARM.Collect$$libshutdown$$00000007  c_w.l(libshutdown2.o)
    0x0800020e   0x0800020e   0x00000000   Code   RO         1130    .ARM.Collect$$libshutdown$$0000000A  c_w.l(libshutdown2.o)
    0x0800020e   0x0800020e   0x00000000   Code   RO         1132    .ARM.Collect$$libshutdown$$0000000C  c_w.l(libshutdown2.o)
    0x0800020e   0x0800020e   0x00000000   Code   RO         1135    .ARM.Collect$$libshutdown$$0000000F  c_w.l(libshutdown2.o)
    0x0800020e   0x0800020e   0x00000002   Code   RO         1136    .ARM.Collect$$libshutdown$$00000010  c_w.l(libshutdown2.o)
    0x08000210   0x08000210   0x00000000   Code   RO          895    .ARM.Collect$$rtentry$$00000000  c_w.l(__rtentry.o)
    0x08000210   0x08000210   0x00000000   Code   RO         1034    .ARM.Collect$$rtentry$$00000002  c_w.l(__rtentry2.o)
    0x08000210   0x08000210   0x00000006   Code   RO         1046    .ARM.Collect$$rtentry$$00000004  c_w.l(__rtentry4.o)
    0x08000216   0x08000216   0x00000000   Code   RO         1036    .ARM.Collect$$rtentry$$00000009  c_w.l(__rtentry2.o)
    0x08000216   0x08000216   0x00000004   Code   RO         1037    .ARM.Collect$$rtentry$$0000000A  c_w.l(__rtentry2.o)
    0x0800021a   0x0800021a   0x00000000   Code   RO         1039    .ARM.Collect$$rtentry$$0000000C  c_w.l(__rtentry2.o)
    0x0800021a   0x0800021a   0x00000008   Code   RO         1040    .ARM.Collect$$rtentry$$0000000D  c_w.l(__rtentry2.o)
    0x08000222   0x08000222   0x00000002   Code   RO         1111    .ARM.Collect$$rtexit$$00000000  c_w.l(rtexit.o)
    0x08000224   0x08000224   0x00000000   Code   RO         1144    .ARM.Collect$$rtexit$$00000002  c_w.l(rtexit2.o)
    0x08000224   0x08000224   0x00000004   Code   RO         1145    .ARM.Collect$$rtexit$$00000003  c_w.l(rtexit2.o)
    0x08000228   0x08000228   0x00000006   Code   RO         1146    .ARM.Collect$$rtexit$$00000004  c_w.l(rtexit2.o)
    0x0800022e   0x0800022e   0x00000002   PAD
    0x08000230   0x08000230   0x00000040   Code   RO            4    .text               startup_stm32f303xc.o
    0x08000270   0x08000270   0x00000028   Code   RO          804    .text               c_w.l(calloc.o)
    0x08000298   0x08000298   0x0000005e   Code   RO          806    .text               c_w.l(h1_alloc.o)
    0x080002f6   0x080002f6   0x0000004e   Code   RO          808    .text               c_w.l(h1_free.o)
    0x08000344   0x08000344   0x0000008a   Code   RO          864    .text               c_w.l(rt_memcpy_v6.o)
    0x080003ce   0x080003ce   0x0000004e   Code   RO          866    .text               c_w.l(rt_memclr_w.o)
    0x0800041c   0x0800041c   0x00000006   Code   RO          868    .text               c_w.l(heapauxi.o)
    0x08000422   0x08000422   0x00000002   PAD
    0x08000424   0x08000424   0x00000008   Code   RO          899    .text               c_w.l(rt_heap_descriptor_intlibspace.o)
    0x0800042c   0x0800042c   0x00000004   Code   RO          901    .text               c_w.l(hguard.o)
    0x08000430   0x08000430   0x0000008a   Code   RO          903    .text               c_w.l(init_alloc.o)
    0x080004ba   0x080004ba   0x0000000e   Code   RO          907    .text               c_w.l(h1_init.o)
    0x080004c8   0x080004c8   0x00000016   Code   RO          919    .text               c_w.l(_rserrno.o)
    0x080004de   0x080004de   0x00000064   Code   RO          921    .text               c_w.l(rt_memcpy_w.o)
    0x08000542   0x08000542   0x00000044   Code   RO          923    .text               c_w.l(rt_memclr.o)
    0x08000586   0x08000586   0x00000002   PAD
    0x08000588   0x08000588   0x00000008   Code   RO         1030    .text               c_w.l(libspace.o)
    0x08000590   0x08000590   0x00000008   Code   RO         1051    .text               c_w.l(rt_errno_addr_intlibspace.o)
    0x08000598   0x08000598   0x00000000   Code   RO         1055    .text               c_w.l(maybetermalloc1.o)
    0x08000598   0x08000598   0x00000034   Code   RO         1057    .text               c_w.l(h1_extend.o)
    0x080005cc   0x080005cc   0x0000000e   Code   RO         1061    .text               c_w.l(defsig_rtmem_outer.o)
    0x080005da   0x080005da   0x00000002   Code   RO         1078    .text               c_w.l(use_no_semi.o)
    0x080005dc   0x080005dc   0x00000000   Code   RO         1080    .text               c_w.l(indicate_semi.o)
    0x080005dc   0x080005dc   0x0000004a   Code   RO         1081    .text               c_w.l(sys_stackheap_outer.o)
    0x08000626   0x08000626   0x00000012   Code   RO         1087    .text               c_w.l(exit.o)
    0x08000638   0x08000638   0x0000000a   Code   RO         1089    .text               c_w.l(defsig_exit.o)
    0x08000642   0x08000642   0x00000002   PAD
    0x08000644   0x08000644   0x00000050   Code   RO         1091    .text               c_w.l(defsig_rtmem_inner.o)
    0x08000694   0x08000694   0x0000000c   Code   RO         1107    .text               c_w.l(sys_exit.o)
    0x080006a0   0x080006a0   0x00000032   Code   RO         1119    .text               c_w.l(defsig_general.o)
    0x080006d2   0x080006d2   0x0000000e   Code   RO         1139    .text               c_w.l(sys_wrch.o)
    0x080006e0   0x080006e0   0x00000002   Code   RO           71    .text.BusFault_Handler  stm32f3xx_it.o
    0x080006e2   0x080006e2   0x00000002   PAD
    0x080006e4   0x080006e4   0x00000002   Code   RO           77    .text.DebugMon_Handler  stm32f3xx_it.o
    0x080006e6   0x080006e6   0x00000002   PAD
    0x080006e8   0x080006e8   0x0000000a   Code   RO           15    .text.Error_Handler  main.o
    0x080006f2   0x080006f2   0x00000006   PAD
    0x080006f8   0x080006f8   0x00000078   Code   RO          788    .text.GB_MS5611_Altitude  gebrabit_ms5611.o
    0x08000770   0x08000770   0x0000007e   Code   RO          758    .text.GB_MS5611_Burst_Read  gebrabit_ms5611.o
    0x080007ee   0x080007ee   0x00000002   PAD
    0x080007f0   0x080007f0   0x00000148   Code   RO          784    .text.GB_MS5611_Calculate_Temperature  gebrabit_ms5611.o
    0x08000938   0x08000938   0x000000bc   Code   RO          786    .text.GB_MS5611_Calculate_Temperature_Compensated_Pressure  gebrabit_ms5611.o
    0x080009f4   0x080009f4   0x000000b0   Code   RO          766    .text.GB_MS5611_Read_Factory_Calibrated_Data  gebrabit_ms5611.o
    0x08000aa4   0x08000aa4   0x0000007e   Code   RO          772    .text.GB_MS5611_Start_Pressure_Sampling  gebrabit_ms5611.o
    0x08000b22   0x08000b22   0x00000002   PAD
    0x08000b24   0x08000b24   0x0000007e   Code   RO          774    .text.GB_MS5611_Start_Temperature_Sampling  gebrabit_ms5611.o
    0x08000ba2   0x08000ba2   0x00000002   PAD
    0x08000ba4   0x08000ba4   0x0000006e   Code   RO          776    .text.GB_MS5611_initialize  gebrabit_ms5611.o
    0x08000c12   0x08000c12   0x00000002   PAD
    0x08000c14   0x08000c14   0x00000028   Code   RO          290    .text.HAL_Delay     stm32f3xx_hal.o
    0x08000c3c   0x08000c3c   0x000001da   Code   RO          383    .text.HAL_GPIO_Init  stm32f3xx_hal_gpio.o
    0x08000e16   0x08000e16   0x00000002   PAD
    0x08000e18   0x08000e18   0x0000000c   Code   RO          389    .text.HAL_GPIO_WritePin  stm32f3xx_hal_gpio.o
    0x08000e24   0x08000e24   0x0000000c   Code   RO          282    .text.HAL_GetTick   stm32f3xx_hal.o
    0x08000e30   0x08000e30   0x0000004a   Code   RO          250    .text.HAL_I2CEx_ConfigAnalogFilter  stm32f3xx_hal_i2c_ex.o
    0x08000e7a   0x08000e7a   0x00000002   PAD
    0x08000e7c   0x08000e7c   0x00000048   Code   RO          252    .text.HAL_I2CEx_ConfigDigitalFilter  stm32f3xx_hal_i2c_ex.o
    0x08000ec4   0x08000ec4   0x000000a2   Code   RO           98    .text.HAL_I2C_Init  stm32f3xx_hal_i2c.o
    0x08000f66   0x08000f66   0x00000002   PAD
    0x08000f68   0x08000f68   0x0000006c   Code   RO           37    .text.HAL_I2C_MspInit  i2c.o
    0x08000fd4   0x08000fd4   0x0000001a   Code   RO          280    .text.HAL_IncTick   stm32f3xx_hal.o
    0x08000fee   0x08000fee   0x00000002   PAD
    0x08000ff0   0x08000ff0   0x00000026   Code   RO          270    .text.HAL_Init      stm32f3xx_hal.o
    0x08001016   0x08001016   0x00000002   PAD
    0x08001018   0x08001018   0x00000048   Code   RO          272    .text.HAL_InitTick  stm32f3xx_hal.o
    0x08001060   0x08001060   0x00000032   Code   RO           90    .text.HAL_MspInit   stm32f3xx_hal_msp.o
    0x08001092   0x08001092   0x00000002   PAD
    0x08001094   0x08001094   0x00000056   Code   RO          441    .text.HAL_NVIC_SetPriority  stm32f3xx_hal_cortex.o
    0x080010ea   0x080010ea   0x00000002   PAD
    0x080010ec   0x080010ec   0x00000020   Code   RO          439    .text.HAL_NVIC_SetPriorityGrouping  stm32f3xx_hal_cortex.o
    0x0800110c   0x0800110c   0x0000020e   Code   RO          368    .text.HAL_RCCEx_PeriphCLKConfig  stm32f3xx_hal_rcc_ex.o
    0x0800131a   0x0800131a   0x00000002   PAD
    0x0800131c   0x0800131c   0x0000019e   Code   RO          334    .text.HAL_RCC_ClockConfig  stm32f3xx_hal_rcc.o
    0x080014ba   0x080014ba   0x00000002   PAD
    0x080014bc   0x080014bc   0x0000036c   Code   RO          332    .text.HAL_RCC_OscConfig  stm32f3xx_hal_rcc.o
    0x08001828   0x08001828   0x00000006   Code   RO          714    .text.HAL_SPI_GetState  stm32f3xx_hal_spi.o
    0x0800182e   0x0800182e   0x00000002   PAD
    0x08001830   0x08001830   0x000000e4   Code   RO          616    .text.HAL_SPI_Init  stm32f3xx_hal_spi.o
    0x08001914   0x08001914   0x0000006a   Code   RO           52    .text.HAL_SPI_MspInit  spi.o
    0x0800197e   0x0800197e   0x00000002   PAD
    0x08001980   0x08001980   0x000002e4   Code   RO          628    .text.HAL_SPI_TransmitReceive  stm32f3xx_hal_spi.o
    0x08001c64   0x08001c64   0x0000002c   Code   RO          451    .text.HAL_SYSTICK_Config  stm32f3xx_hal_cortex.o
    0x08001c90   0x08001c90   0x00000002   Code   RO           67    .text.HardFault_Handler  stm32f3xx_it.o
    0x08001c92   0x08001c92   0x00000002   PAD
    0x08001c94   0x08001c94   0x000000c0   Code   RO           26    .text.MX_GPIO_Init  gpio.o
    0x08001d54   0x08001d54   0x0000006c   Code   RO           35    .text.MX_I2C1_Init  i2c.o
    0x08001dc0   0x08001dc0   0x00000050   Code   RO           50    .text.MX_SPI1_Init  spi.o
    0x08001e10   0x08001e10   0x00000002   Code   RO           69    .text.MemManage_Handler  stm32f3xx_it.o
    0x08001e12   0x08001e12   0x00000002   PAD
    0x08001e14   0x08001e14   0x00000002   Code   RO           65    .text.NMI_Handler   stm32f3xx_it.o
    0x08001e16   0x08001e16   0x00000002   PAD
    0x08001e18   0x08001e18   0x00000002   Code   RO           79    .text.PendSV_Handler  stm32f3xx_it.o
    0x08001e1a   0x08001e1a   0x00000002   PAD
    0x08001e1c   0x08001e1c   0x00000186   Code   RO          678    .text.SPI_WaitFifoStateUntilTimeout  stm32f3xx_hal_spi.o
    0x08001fa2   0x08001fa2   0x00000002   PAD
    0x08001fa4   0x08001fa4   0x000000ce   Code   RO          680    .text.SPI_WaitFlagStateUntilTimeout  stm32f3xx_hal_spi.o
    0x08002072   0x08002072   0x00000002   PAD
    0x08002074   0x08002074   0x00000002   Code   RO           75    .text.SVC_Handler   stm32f3xx_it.o
    0x08002076   0x08002076   0x00000002   PAD
    0x08002078   0x08002078   0x00000004   Code   RO           81    .text.SysTick_Handler  stm32f3xx_it.o
    0x0800207c   0x0800207c   0x00000012   Code   RO          743    .text.SystemInit    system_stm32f3xx.o
    0x0800208e   0x0800208e   0x00000002   PAD
    0x08002090   0x08002090   0x00000002   Code   RO           73    .text.UsageFault_Handler  stm32f3xx_it.o
    0x08002092   0x08002092   0x00000002   PAD
    0x08002094   0x08002094   0x000000b8   Code   RO           11    .text.main          main.o
    0x0800214c   0x0800214c   0x00000030   Code   RO         1015    i.__ARM_fpclassify  m_wm.l(fpclassify.o)
    0x0800217c   0x0800217c   0x00000004   PAD
    0x08002180   0x08002180   0x00000c60   Code   RO          886    i.__hardfp_pow      m_wm.l(pow.o)
    0x08002de0   0x08002de0   0x000000f8   Code   RO         1017    i.__kernel_poly     m_wm.l(poly.o)
    0x08002ed8   0x08002ed8   0x00000030   Code   RO          995    i.__mathlib_dbl_divzero  m_wm.l(dunder.o)
    0x08002f08   0x08002f08   0x00000014   Code   RO          997    i.__mathlib_dbl_infnan2  m_wm.l(dunder.o)
    0x08002f1c   0x08002f1c   0x00000004   PAD
    0x08002f20   0x08002f20   0x00000020   Code   RO          998    i.__mathlib_dbl_invalid  m_wm.l(dunder.o)
    0x08002f40   0x08002f40   0x00000020   Code   RO          999    i.__mathlib_dbl_overflow  m_wm.l(dunder.o)
    0x08002f60   0x08002f60   0x00000020   Code   RO         1001    i.__mathlib_dbl_underflow  m_wm.l(dunder.o)
    0x08002f80   0x08002f80   0x00000018   Code   RO         1011    i.fabs              m_wm.l(fabs.o)
    0x08002f98   0x08002f98   0x0000006e   Code   RO         1022    i.sqrt              m_wm.l(sqrt.o)
    0x08003006   0x08003006   0x00000018   Code   RO          974    x$fpl$basic         fz_wm.l(basic.o)
    0x0800301e   0x0800301e   0x00000002   PAD
    0x08003020   0x08003020   0x00000150   Code   RO          872    x$fpl$dadd          fz_wm.l(daddsub_clz.o)
    0x08003170   0x08003170   0x00000010   Code   RO         1070    x$fpl$dcheck1       fz_wm.l(dcheck1.o)
    0x08003180   0x08003180   0x00000018   Code   RO         1103    x$fpl$dcmpinf       fz_wm.l(dcmpi.o)
    0x08003198   0x08003198   0x000002b4   Code   RO          879    x$fpl$ddiv          fz_wm.l(ddiv.o)
    0x0800344c   0x0800344c   0x0000002e   Code   RO          977    x$fpl$dflt          fz_wm.l(dflt_clz.o)
    0x0800347a   0x0800347a   0x00000002   PAD
    0x0800347c   0x0800347c   0x00000078   Code   RO         1072    x$fpl$dleqf         fz_wm.l(dleqf.o)
    0x080034f4   0x080034f4   0x00000154   Code   RO          982    x$fpl$dmul          fz_wm.l(dmul.o)
    0x08003648   0x08003648   0x0000009c   Code   RO          984    x$fpl$dnaninf       fz_wm.l(dnaninf.o)
    0x080036e4   0x080036e4   0x0000000c   Code   RO          986    x$fpl$dretinf       fz_wm.l(dretinf.o)
    0x080036f0   0x080036f0   0x0000006c   Code   RO          988    x$fpl$drleqf        fz_wm.l(drleqf.o)
    0x0800375c   0x0800375c   0x00000016   Code   RO          873    x$fpl$drsb          fz_wm.l(daddsub_clz.o)
    0x08003772   0x08003772   0x00000002   PAD
    0x08003774   0x08003774   0x00000198   Code   RO         1074    x$fpl$dsqrt         fz_wm.l(dsqrt_umaal.o)
    0x0800390c   0x0800390c   0x000001dc   Code   RO          874    x$fpl$dsub          fz_wm.l(daddsub_clz.o)
    0x08003ae8   0x08003ae8   0x00000056   Code   RO          882    x$fpl$f2d           fz_wm.l(f2d.o)
    0x08003b3e   0x08003b3e   0x00000060   Code   RO          884    x$fpl$ffltll        fz_wm.l(ffltll_clz.o)
    0x08003b9e   0x08003b9e   0x0000008c   Code   RO          990    x$fpl$fnaninf       fz_wm.l(fnaninf.o)
    0x08003c2a   0x08003c2a   0x0000001a   Code   RO         1076    x$fpl$fpinit        fz_wm.l(fpinit.o)
    0x08003c44   0x08003c44   0x00000064   Code   RO         1105    x$fpl$retnan        fz_wm.l(retnan.o)
    0x08003ca8   0x08003ca8   0x0000005c   Code   RO          992    x$fpl$scalbn        fz_wm.l(scalbn.o)
    0x08003d04   0x08003d04   0x00000030   Code   RO         1137    x$fpl$trapveneer    fz_wm.l(trapv.o)
    0x08003d34   0x08003d34   0x00000000   Code   RO          994    x$fpl$usenofp       fz_wm.l(usenofp.o)
    0x08003d34   0x08003d34   0x00000004   PAD
    0x08003d38   0x08003d38   0x00000088   Data   RO          889    .constdata          m_wm.l(pow.o)
    0x08003dc0   0x08003dc0   0x00000008   Data   RO         1019    .constdata          m_wm.l(qnan.o)
    0x08003dc8   0x08003dc8   0x00000024   Data   RO          790    .rodata..Lswitch.table.GB_MS5611_Start_Temperature_Sampling  gebrabit_ms5611.o
    0x08003dec   0x08003dec   0x00000010   Data   RO          748    .rodata.AHBPrescTable  system_stm32f3xx.o
    0x08003dfc   0x08003dfc   0x00000010   Data   RO          358    .rodata.aPLLMULFactorTable  stm32f3xx_hal_rcc.o
    0x08003e0c   0x08003e0c   0x00000010   Data   RO          359    .rodata.aPredivFactorTable  stm32f3xx_hal_rcc.o
    0x08003e1c   0x08003e1c   0x00000020   Data   RO         1172    Region$$Table       anon$$obj.o


    Execution Region RW_IRAM2 (Exec base: 0x10000000, Load base: 0x08003e50, Size: 0x00000000, Max: 0x00002000, ABSOLUTE)

    **** No section assigned to this execution region ****


    Execution Region RW_IRAM1 (Exec base: 0x20000000, Load base: 0x08003e40, Size: 0x00000798, Max: 0x0000a000, ABSOLUTE)

    Exec Addr    Load Addr    Size         Type   Attr      Idx    E Section Name        Object

    0x20000000   0x08003e40   0x00000008   Data   RW          321    .data..L_MergedGlobals  stm32f3xx_hal.o
    0x20000008   0x08003e48   0x00000004   Data   RW          747    .data.SystemCoreClock  system_stm32f3xx.o
    0x2000000c   0x08003e4c   0x00000004   PAD
    0x20000010        -       0x00000060   Zero   RW         1031    .bss                c_w.l(libspace.o)
    0x20000070        -       0x00000070   Zero   RW           17    .bss.MS5611_Module  main.o
    0x200000e0        -       0x0000004c   Zero   RW           41    .bss.hi2c1          i2c.o
    0x2000012c        -       0x00000064   Zero   RW           56    .bss.hspi1          spi.o
    0x20000190        -       0x00000004   Zero   RW          320    .bss.uwTick         stm32f3xx_hal.o
    0x20000194   0x08003e4c   0x00000004   PAD
    0x20000198        -       0x00000400   Zero   RW            2    HEAP                startup_stm32f303xc.o
    0x20000598        -       0x00000200   Zero   RW            1    STACK               startup_stm32f303xc.o


==============================================================================

Image component sizes


      Code (inc. data)   RO Data    RW Data    ZI Data      Debug   Object Name

      1300         40         36          0          0       7884   gebrabit_ms5611.o
       192          0          0          0          0       1874   gpio.o
       216          0          0          0         76       4822   i2c.o
       194          0          0          0        112       3715   main.o
       186          0          0          0        100       4578   spi.o
        64         26        392          0       1536        916   startup_stm32f303xc.o
       188          0          0          8          4       6405   stm32f3xx_hal.o
       162          0          0          0          0      10272   stm32f3xx_hal_cortex.o
       486          0          0          0          0       4864   stm32f3xx_hal_gpio.o
       162          0          0          0          0      52932   stm32f3xx_hal_i2c.o
       146          0          0          0          0       5436   stm32f3xx_hal_i2c_ex.o
        50          0          0          0          0       1067   stm32f3xx_hal_msp.o
      1290          0         32          0          0       7605   stm32f3xx_hal_rcc.o
       526          0          0          0          0       7059   stm32f3xx_hal_rcc_ex.o
      1570          0          0          0          0      26356   stm32f3xx_hal_spi.o
        20          0          0          0          0       1221   stm32f3xx_it.o
        18          0         16          4          0       2272   system_stm32f3xx.o

    ----------------------------------------------------------------------
      6828         66        508         12       1836     149278   Object Totals
         0          0         32          0          0          0   (incl. Generated)
        58          0          0          0          8          0   (incl. Padding)

    ----------------------------------------------------------------------

      Code (inc. data)   RO Data    RW Data    ZI Data      Debug   Library Member Name

         8          0          0          0          0         68   __main.o
         0          0          0          0          0          0   __rtentry.o
        12          0          0          0          0          0   __rtentry2.o
         6          0          0          0          0          0   __rtentry4.o
        52          8          0          0          0          0   __scatter.o
        26          0          0          0          0          0   __scatter_copy.o
        28          0          0          0          0          0   __scatter_zi.o
        22          0          0          0          0        100   _rserrno.o
        40          0          0          0          0         80   calloc.o
        10          0          0          0          0         68   defsig_exit.o
        50          0          0          0          0         88   defsig_general.o
        80         58          0          0          0         76   defsig_rtmem_inner.o
        14          0          0          0          0         80   defsig_rtmem_outer.o
        18          0          0          0          0         80   exit.o
        94          0          0          0          0         80   h1_alloc.o
        52          0          0          0          0         68   h1_extend.o
        78          0          0          0          0         80   h1_free.o
        14          0          0          0          0         84   h1_init.o
         6          0          0          0          0        152   heapauxi.o
         4          0          0          0          0        136   hguard.o
         0          0          0          0          0          0   indicate_semi.o
       138          0          0          0          0        168   init_alloc.o
         2          0          0          0          0          0   libinit.o
        14          0          0          0          0          0   libinit2.o
         2          0          0          0          0          0   libshutdown.o
         2          0          0          0          0          0   libshutdown2.o
         8          4          0          0         96         68   libspace.o
         0          0          0          0          0          0   maybetermalloc1.o
         8          4          0          0          0         68   rt_errno_addr_intlibspace.o
         8          4          0          0          0         68   rt_heap_descriptor_intlibspace.o
        68          0          0          0          0         68   rt_memclr.o
        78          0          0          0          0         80   rt_memclr_w.o
       138          0          0          0          0         68   rt_memcpy_v6.o
       100          0          0          0          0         80   rt_memcpy_w.o
         2          0          0          0          0          0   rtexit.o
        10          0          0          0          0          0   rtexit2.o
        12          4          0          0          0         68   sys_exit.o
        74          0          0          0          0         80   sys_stackheap_outer.o
        14          0          0          0          0         76   sys_wrch.o
         2          0          0          0          0         68   use_no_semi.o
        24          0          0          0          0        164   basic.o
       834         16          0          0          0        516   daddsub_clz.o
        16          4          0          0          0        116   dcheck1.o
        24          0          0          0          0        116   dcmpi.o
       692        140          0          0          0        264   ddiv.o
        46          0          0          0          0        116   dflt_clz.o
       120          4          0          0          0        140   dleqf.o
       340         12          0          0          0        152   dmul.o
       156          4          0          0          0        140   dnaninf.o
        12          0          0          0          0        116   dretinf.o
       108          0          0          0          0        128   drleqf.o
       408         56          0          0          0        168   dsqrt_umaal.o
        86          4          0          0          0        132   f2d.o
        96          0          0          0          0        132   ffltll_clz.o
       140          4          0          0          0        132   fnaninf.o
        26          0          0          0          0        116   fpinit.o
       100          0          0          0          0        116   retnan.o
        92          0          0          0          0        116   scalbn.o
        48          0          0          0          0        116   trapv.o
         0          0          0          0          0          0   usenofp.o
       164         44          0          0          0        620   dunder.o
        24          0          0          0          0        124   fabs.o
        48          0          0          0          0        124   fpclassify.o
       248          0          0          0          0        152   poly.o
      3168        296        136          0          0        352   pow.o
         0          0          8          0          0          0   qnan.o
       110          0          0          0          0        148   sqrt.o

    ----------------------------------------------------------------------
      8452        666        144          0         96       6716   Library Totals
        28          0          0          0          0          0   (incl. Padding)

    ----------------------------------------------------------------------

      Code (inc. data)   RO Data    RW Data    ZI Data      Debug   Library Name

      1294         82          0          0         96       2200   c_w.l
      3368        244          0          0          0       2996   fz_wm.l
      3762        340        144          0          0       1520   m_wm.l

    ----------------------------------------------------------------------
      8452        666        144          0         96       6716   Library Totals

    ----------------------------------------------------------------------

==============================================================================


      Code (inc. data)   RO Data    RW Data    ZI Data      Debug   

     15280        732        652         12       1932     151598   Grand Totals
     15280        732        652         12       1932     151598   ELF Image Totals
     15280        732        652         12          0          0   ROM Totals

==============================================================================

    Total RO  Size (Code + RO Data)                15932 (  15.56kB)
    Total RW  Size (RW Data + ZI Data)              1944 (   1.90kB)
    Total ROM Size (Code + RO Data + RW Data)      15944 (  15.57kB)

==============================================================================

